******************************************************************************
                  TI ARM Linker PC v18.1.2                     
******************************************************************************
>> Linked Tue Sep 11 23:22:51 2018

OUTPUT FILE NAME:   <Blinking-LED_Timer.out>
ENTRY POINT SYMBOL: "_c_int00_noinit_noargs"  address: 0000037d


MEMORY CONFIGURATION

         name            origin    length      used     unused   attr    fill
----------------------  --------  ---------  --------  --------  ----  --------
  MAIN                  00000000   00040000  000004cc  0003fb34  R  X
  INFO                  00200000   00004000  00000000  00004000  R  X
  SRAM_CODE             01000000   00010000  00000200  0000fe00  RW X
  SRAM_DATA             20000000   00010000  00000200  0000fe00  RW  


SEGMENT ALLOCATION MAP

run origin  load origin   length   init length attrs members
----------  ----------- ---------- ----------- ----- -------
00000000    00000000    000004cc   000004cc    r-x
  00000000    00000000    000000e4   000000e4    r-- .intvecs
  000000e4    000000e4    000003b8   000003b8    r-x .text
  0000049c    0000049c    00000030   00000030    r-- .const
2000fe00    2000fe00    00000200   00000000    rw-
  2000fe00    2000fe00    00000200   00000000    rw- .stack


SECTION ALLOCATION MAP

 output                                  attributes/
section   page    origin      length       input sections
--------  ----  ----------  ----------   ----------------
.intvecs   0    00000000    000000e4     
                  00000000    000000e4     startup_msp432p401r_ccs.obj (.intvecs:retain)

.text      0    000000e4    000003b8     
                  000000e4    00000078     system_msp432p401r.obj (.text:SystemInit)
                  0000015c    00000068     msp432p4xx_driverlib.lib : timer32.o (.text:Timer32_initModule)
                  000001c4    00000058                              : gpio.o (.text:GPIO_setAsInputPinWithPullUpResistor)
                  0000021c    00000044     Blinking_LED_Timer_main.obj (.text:initialize)
                  00000260    00000040     msp432p4xx_driverlib.lib : gpio.o (.text:GPIO_setAsOutputPin)
                  000002a0    00000040     Blinking_LED_Timer_main.obj (.text:main)
                  000002e0    00000038     msp432p4xx_driverlib.lib : timer32.o (.text:Timer32_startTimer)
                  00000318    00000034                              : timer32.o (.text:Timer32_setCount)
                  0000034c    00000030                              : gpio.o (.text:GPIO_getInputPinValue)
                  0000037c    00000030     rtsv7M4_T_le_v4SPD16_eabi.lib : boot_cortex_m.c.obj (.text:_c_int00_noinit_noargs:_c_int00_noinit_noargs)
                  000003ac    00000028     msp432p4xx_driverlib.lib : gpio.o (.text:GPIO_setOutputHighOnPin)
                  000003d4    00000028                              : gpio.o (.text:GPIO_setOutputLowOnPin)
                  000003fc    00000028                              : gpio.o (.text:GPIO_toggleOutputOnPin)
                  00000424    00000024                              : wdt_a.o (.text:WDT_A_holdTimer)
                  00000448    0000000e                              : timer32.o (.text:Timer32_getValue)
                  00000456    0000000c     startup_msp432p401r_ccs.obj (.text:Reset_Handler)
                  00000462    0000000c     Blinking_LED_Timer_main.obj (.text:SwitchStatus_Launchpad_Button1)
                  0000046e    0000000c     Blinking_LED_Timer_main.obj (.text:Toggle_Launchpad_Green_LED2)
                  0000047a    0000000c     Blinking_LED_Timer_main.obj (.text:TurnOff_Launchpad_LED1)
                  00000486    0000000c     Blinking_LED_Timer_main.obj (.text:TurnOn_Launchpad_LED1)
                  00000492    00000004     rtsv7M4_T_le_v4SPD16_eabi.lib : pre_init.c.obj (.text:_system_pre_init)
                  00000496    00000004                                   : exit.c.obj (.text:abort:abort)
                  0000049a    00000002     startup_msp432p401r_ccs.obj (.text:Default_Handler)

.const     0    0000049c    00000030     
                  0000049c    00000030     msp432p4xx_driverlib.lib : gpio.o (.const:GPIO_PORT_TO_BASE)

.cinit     0    00000000    00000000     UNINITIALIZED

.init_array 
*          0    00000000    00000000     UNINITIALIZED

.binit     0    00000000    00000000     

.stack     0    2000fe00    00000200     UNINITIALIZED
                  2000fe00    00000004     rtsv7M4_T_le_v4SPD16_eabi.lib : boot_cortex_m.c.obj (.stack)
                  2000fe04    000001fc     --HOLE--

MODULE SUMMARY

       Module                        code   ro data   rw data
       ------                        ----   -------   -------
    .\
       Blinking_LED_Timer_main.obj   180    0         0      
       system_msp432p401r.obj        120    0         0      
    +--+-----------------------------+------+---------+---------+
       Total:                        300    0         0      
                                                             
    .\ccs\
       startup_msp432p401r_ccs.obj   14     228       0      
    +--+-----------------------------+------+---------+---------+
       Total:                        14     228       0      
                                                             
    C:/ti/simplelink_msp432p4_sdk_2_20_00_12/source/ti/devices/msp432p4xx/driverlib/ccs/msp432p4xx_driverlib.lib
       gpio.o                        320    48        0      
       timer32.o                     226    0         0      
       wdt_a.o                       36     0         0      
    +--+-----------------------------+------+---------+---------+
       Total:                        582    48        0      
                                                             
    C:\ti\ccsv8\tools\compiler\ti-cgt-arm_18.1.2.LTS\lib\rtsv7M4_T_le_v4SPD16_eabi.lib
       boot_cortex_m.c.obj           48     0         0      
       exit.c.obj                    4      0         0      
       pre_init.c.obj                4      0         0      
    +--+-----------------------------+------+---------+---------+
       Total:                        56     0         0      
                                                             
       Stack:                        0      0         1024   
    +--+-----------------------------+------+---------+---------+
       Grand Total:                  952    276       1024   


GLOBAL SYMBOLS: SORTED ALPHABETICALLY BY Name 

address   name                                
-------   ----                                
0000049b  ADC14_IRQHandler                    
0000049b  AES256_IRQHandler                   
0000049b  BusFault_Handler                    
00000497  C$$EXIT                             
0000049b  COMP_E0_IRQHandler                  
0000049b  COMP_E1_IRQHandler                  
0000049b  CS_IRQHandler                       
0000049b  DMA_ERR_IRQHandler                  
0000049b  DMA_INT0_IRQHandler                 
0000049b  DMA_INT1_IRQHandler                 
0000049b  DMA_INT2_IRQHandler                 
0000049b  DMA_INT3_IRQHandler                 
0000049b  DebugMon_Handler                    
0000049b  Default_Handler                     
0000049b  EUSCIA0_IRQHandler                  
0000049b  EUSCIA1_IRQHandler                  
0000049b  EUSCIA2_IRQHandler                  
0000049b  EUSCIA3_IRQHandler                  
0000049b  EUSCIB0_IRQHandler                  
0000049b  EUSCIB1_IRQHandler                  
0000049b  EUSCIB2_IRQHandler                  
0000049b  EUSCIB3_IRQHandler                  
0000049b  FLCTL_IRQHandler                    
0000049b  FPU_IRQHandler                      
0000034d  GPIO_getInputPinValue               
000001c5  GPIO_setAsInputPinWithPullUpResistor
00000261  GPIO_setAsOutputPin                 
000003ad  GPIO_setOutputHighOnPin             
000003d5  GPIO_setOutputLowOnPin              
000003fd  GPIO_toggleOutputOnPin              
0000049b  HardFault_Handler                   
0000049b  MemManage_Handler                   
0000049b  NMI_Handler                         
0000049b  PCM_IRQHandler                      
0000049b  PORT1_IRQHandler                    
0000049b  PORT2_IRQHandler                    
0000049b  PORT3_IRQHandler                    
0000049b  PORT4_IRQHandler                    
0000049b  PORT5_IRQHandler                    
0000049b  PORT6_IRQHandler                    
0000049b  PSS_IRQHandler                      
0000049b  PendSV_Handler                      
0000049b  RTC_C_IRQHandler                    
00000457  Reset_Handler                       
0000049b  SVC_Handler                         
00000463  SwitchStatus_Launchpad_Button1      
0000049b  SysTick_Handler                     
000000e5  SystemInit                          
0000049b  T32_INT1_IRQHandler                 
0000049b  T32_INT2_IRQHandler                 
0000049b  T32_INTC_IRQHandler                 
0000049b  TA0_0_IRQHandler                    
0000049b  TA0_N_IRQHandler                    
0000049b  TA1_0_IRQHandler                    
0000049b  TA1_N_IRQHandler                    
0000049b  TA2_0_IRQHandler                    
0000049b  TA2_N_IRQHandler                    
0000049b  TA3_0_IRQHandler                    
0000049b  TA3_N_IRQHandler                    
00000449  Timer32_getValue                    
0000015d  Timer32_initModule                  
00000319  Timer32_setCount                    
000002e1  Timer32_startTimer                  
0000046f  Toggle_Launchpad_Green_LED2         
0000047b  TurnOff_Launchpad_LED1              
00000487  TurnOn_Launchpad_LED1               
0000049b  UsageFault_Handler                  
4000480c  WDTCTL_SYM                          
0000049b  WDT_A_IRQHandler                    
00000425  WDT_A_holdTimer                     
20010000  __STACK_END                         
00000200  __STACK_SIZE                        
ffffffff  __TI_pprof_out_hndl                 
ffffffff  __TI_prof_data_size                 
ffffffff  __TI_prof_data_start                
00000000  __TI_static_base__                  
ffffffff  __binit__                           
ffffffff  __c_args__                          
UNDEFED   __mpu_init                          
2000fe00  __stack                             
0000037d  _c_int00_noinit_noargs              
00000493  _system_pre_init                    
00000497  abort                               
ffffffff  binit                               
0000021d  initialize                          
00000000  interruptVectors                    
000002a1  main                                


GLOBAL SYMBOLS: SORTED BY Symbol Address 

address   name                                
-------   ----                                
00000000  __TI_static_base__                  
00000000  interruptVectors                    
000000e5  SystemInit                          
0000015d  Timer32_initModule                  
000001c5  GPIO_setAsInputPinWithPullUpResistor
00000200  __STACK_SIZE                        
0000021d  initialize                          
00000261  GPIO_setAsOutputPin                 
000002a1  main                                
000002e1  Timer32_startTimer                  
00000319  Timer32_setCount                    
0000034d  GPIO_getInputPinValue               
0000037d  _c_int00_noinit_noargs              
000003ad  GPIO_setOutputHighOnPin             
000003d5  GPIO_setOutputLowOnPin              
000003fd  GPIO_toggleOutputOnPin              
00000425  WDT_A_holdTimer                     
00000449  Timer32_getValue                    
00000457  Reset_Handler                       
00000463  SwitchStatus_Launchpad_Button1      
0000046f  Toggle_Launchpad_Green_LED2         
0000047b  TurnOff_Launchpad_LED1              
00000487  TurnOn_Launchpad_LED1               
00000493  _system_pre_init                    
00000497  C$$EXIT                             
00000497  abort                               
0000049b  ADC14_IRQHandler                    
0000049b  AES256_IRQHandler                   
0000049b  BusFault_Handler                    
0000049b  COMP_E0_IRQHandler                  
0000049b  COMP_E1_IRQHandler                  
0000049b  CS_IRQHandler                       
0000049b  DMA_ERR_IRQHandler                  
0000049b  DMA_INT0_IRQHandler                 
0000049b  DMA_INT1_IRQHandler                 
0000049b  DMA_INT2_IRQHandler                 
0000049b  DMA_INT3_IRQHandler                 
0000049b  DebugMon_Handler                    
0000049b  Default_Handler                     
0000049b  EUSCIA0_IRQHandler                  
0000049b  EUSCIA1_IRQHandler                  
0000049b  EUSCIA2_IRQHandler                  
0000049b  EUSCIA3_IRQHandler                  
0000049b  EUSCIB0_IRQHandler                  
0000049b  EUSCIB1_IRQHandler                  
0000049b  EUSCIB2_IRQHandler                  
0000049b  EUSCIB3_IRQHandler                  
0000049b  FLCTL_IRQHandler                    
0000049b  FPU_IRQHandler                      
0000049b  HardFault_Handler                   
0000049b  MemManage_Handler                   
0000049b  NMI_Handler                         
0000049b  PCM_IRQHandler                      
0000049b  PORT1_IRQHandler                    
0000049b  PORT2_IRQHandler                    
0000049b  PORT3_IRQHandler                    
0000049b  PORT4_IRQHandler                    
0000049b  PORT5_IRQHandler                    
0000049b  PORT6_IRQHandler                    
0000049b  PSS_IRQHandler                      
0000049b  PendSV_Handler                      
0000049b  RTC_C_IRQHandler                    
0000049b  SVC_Handler                         
0000049b  SysTick_Handler                     
0000049b  T32_INT1_IRQHandler                 
0000049b  T32_INT2_IRQHandler                 
0000049b  T32_INTC_IRQHandler                 
0000049b  TA0_0_IRQHandler                    
0000049b  TA0_N_IRQHandler                    
0000049b  TA1_0_IRQHandler                    
0000049b  TA1_N_IRQHandler                    
0000049b  TA2_0_IRQHandler                    
0000049b  TA2_N_IRQHandler                    
0000049b  TA3_0_IRQHandler                    
0000049b  TA3_N_IRQHandler                    
0000049b  UsageFault_Handler                  
0000049b  WDT_A_IRQHandler                    
2000fe00  __stack                             
20010000  __STACK_END                         
4000480c  WDTCTL_SYM                          
ffffffff  __TI_pprof_out_hndl                 
ffffffff  __TI_prof_data_size                 
ffffffff  __TI_prof_data_start                
ffffffff  __binit__                           
ffffffff  __c_args__                          
ffffffff  binit                               
UNDEFED   __mpu_init                          

[87 symbols]
