<?xml version="1.0" encoding="ISO-8859-1" ?>
<link_info>
   <banner>TI ARM Linker PC v18.1.2.LTS</banner>
   <copyright>Copyright (c) 1996-2017 Texas Instruments Incorporated</copyright>
   <link_time>0x5b9278f5</link_time>
   <link_errors>0x0</link_errors>
   <output_file>ButtonLED_HAL.out</output_file>
   <entry_point>
      <name>_c_int00_noargs</name>
      <address>0x2829</address>
   </entry_point>
   <input_file_list>
      <input_file id="fl-2">
         <path>.\</path>
         <kind>object</kind>
         <file>ButtonLED_HAL_main.obj</file>
         <name>ButtonLED_HAL_main.obj</name>
      </input_file>
      <input_file id="fl-3">
         <path>.\</path>
         <kind>object</kind>
         <file>system_msp432p401r.obj</file>
         <name>system_msp432p401r.obj</name>
      </input_file>
      <input_file id="fl-4">
         <path>.\ccs\</path>
         <kind>object</kind>
         <file>startup_msp432p401r_ccs.obj</file>
         <name>startup_msp432p401r_ccs.obj</name>
      </input_file>
      <input_file id="fl-c">
         <kind>object</kind>
         <file>&lt;internal&gt;</file>
         <name>&lt;internal&gt;</name>
      </input_file>
      <input_file id="fl-d">
         <path>C:\ti\simplelink_msp432p4_sdk_2_20_00_12\source\ti\devices\msp432p4xx\driverlib\ccs\</path>
         <kind>archive</kind>
         <file>msp432p4xx_driverlib.lib</file>
         <name>gpio.o</name>
      </input_file>
      <input_file id="fl-e">
         <path>C:\ti\simplelink_msp432p4_sdk_2_20_00_12\source\ti\devices\msp432p4xx\driverlib\ccs\</path>
         <kind>archive</kind>
         <file>msp432p4xx_driverlib.lib</file>
         <name>interrupt.o</name>
      </input_file>
      <input_file id="fl-f">
         <path>C:\ti\simplelink_msp432p4_sdk_2_20_00_12\source\ti\devices\msp432p4xx\driverlib\ccs\</path>
         <kind>archive</kind>
         <file>msp432p4xx_driverlib.lib</file>
         <name>wdt_a.o</name>
      </input_file>
      <input_file id="fl-10">
         <path>C:\ti\simplelink_msp432p4_sdk_2_20_00_12\source\ti\devices\msp432p4xx\driverlib\ccs\</path>
         <kind>archive</kind>
         <file>msp432p4xx_driverlib.lib</file>
         <name>cpu.o</name>
      </input_file>
      <input_file id="fl-11">
         <path>C:\ti\simplelink_msp432p4_sdk_2_20_00_12\source\ti\devices\msp432p4xx\driverlib\ccs\</path>
         <kind>archive</kind>
         <file>msp432p4xx_driverlib.lib</file>
         <name>sysctl_a.o</name>
      </input_file>
      <input_file id="fl-c7">
         <path>C:\ti\ccsv8\tools\compiler\ti-cgt-arm_18.1.2.LTS\lib\</path>
         <kind>archive</kind>
         <file>rtsv7M4_T_le_v4SPD16_eabi.lib</file>
         <name>copy_zero_init.c.obj</name>
      </input_file>
      <input_file id="fl-c8">
         <path>C:\ti\ccsv8\tools\compiler\ti-cgt-arm_18.1.2.LTS\lib\</path>
         <kind>archive</kind>
         <file>rtsv7M4_T_le_v4SPD16_eabi.lib</file>
         <name>copy_decompress_none.c.obj</name>
      </input_file>
      <input_file id="fl-c9">
         <path>C:\ti\ccsv8\tools\compiler\ti-cgt-arm_18.1.2.LTS\lib\</path>
         <kind>archive</kind>
         <file>rtsv7M4_T_le_v4SPD16_eabi.lib</file>
         <name>copy_decompress_lzss.c.obj</name>
      </input_file>
      <input_file id="fl-ca">
         <path>C:\ti\ccsv8\tools\compiler\ti-cgt-arm_18.1.2.LTS\lib\</path>
         <kind>archive</kind>
         <file>rtsv7M4_T_le_v4SPD16_eabi.lib</file>
         <name>boot_cortex_m.c.obj</name>
      </input_file>
      <input_file id="fl-cb">
         <path>C:\ti\ccsv8\tools\compiler\ti-cgt-arm_18.1.2.LTS\lib\</path>
         <kind>archive</kind>
         <file>rtsv7M4_T_le_v4SPD16_eabi.lib</file>
         <name>exit.c.obj</name>
      </input_file>
      <input_file id="fl-cc">
         <path>C:\ti\ccsv8\tools\compiler\ti-cgt-arm_18.1.2.LTS\lib\</path>
         <kind>archive</kind>
         <file>rtsv7M4_T_le_v4SPD16_eabi.lib</file>
         <name>_lock.c.obj</name>
      </input_file>
      <input_file id="fl-cd">
         <path>C:\ti\ccsv8\tools\compiler\ti-cgt-arm_18.1.2.LTS\lib\</path>
         <kind>archive</kind>
         <file>rtsv7M4_T_le_v4SPD16_eabi.lib</file>
         <name>args_main.c.obj</name>
      </input_file>
      <input_file id="fl-ce">
         <path>C:\ti\ccsv8\tools\compiler\ti-cgt-arm_18.1.2.LTS\lib\</path>
         <kind>archive</kind>
         <file>rtsv7M4_T_le_v4SPD16_eabi.lib</file>
         <name>printf.c.obj</name>
      </input_file>
      <input_file id="fl-cf">
         <path>C:\ti\ccsv8\tools\compiler\ti-cgt-arm_18.1.2.LTS\lib\</path>
         <kind>archive</kind>
         <file>rtsv7M4_T_le_v4SPD16_eabi.lib</file>
         <name>memset_t2.asm.obj</name>
      </input_file>
      <input_file id="fl-d0">
         <path>C:\ti\ccsv8\tools\compiler\ti-cgt-arm_18.1.2.LTS\lib\</path>
         <kind>archive</kind>
         <file>rtsv7M4_T_le_v4SPD16_eabi.lib</file>
         <name>memcpy_t2.asm.obj</name>
      </input_file>
      <input_file id="fl-d1">
         <path>C:\ti\ccsv8\tools\compiler\ti-cgt-arm_18.1.2.LTS\lib\</path>
         <kind>archive</kind>
         <file>rtsv7M4_T_le_v4SPD16_eabi.lib</file>
         <name>autoinit.c.obj</name>
      </input_file>
      <input_file id="fl-d2">
         <path>C:\ti\ccsv8\tools\compiler\ti-cgt-arm_18.1.2.LTS\lib\</path>
         <kind>archive</kind>
         <file>rtsv7M4_T_le_v4SPD16_eabi.lib</file>
         <name>pre_init.c.obj</name>
      </input_file>
      <input_file id="fl-d3">
         <path>C:\ti\ccsv8\tools\compiler\ti-cgt-arm_18.1.2.LTS\lib\</path>
         <kind>archive</kind>
         <file>rtsv7M4_T_le_v4SPD16_eabi.lib</file>
         <name>cpy_tbl.c.obj</name>
      </input_file>
      <input_file id="fl-d4">
         <path>C:\ti\ccsv8\tools\compiler\ti-cgt-arm_18.1.2.LTS\lib\</path>
         <kind>archive</kind>
         <file>rtsv7M4_T_le_v4SPD16_eabi.lib</file>
         <name>_printfi.c.obj</name>
      </input_file>
      <input_file id="fl-d5">
         <path>C:\ti\ccsv8\tools\compiler\ti-cgt-arm_18.1.2.LTS\lib\</path>
         <kind>archive</kind>
         <file>rtsv7M4_T_le_v4SPD16_eabi.lib</file>
         <name>atoi.c.obj</name>
      </input_file>
      <input_file id="fl-d6">
         <path>C:\ti\ccsv8\tools\compiler\ti-cgt-arm_18.1.2.LTS\lib\</path>
         <kind>archive</kind>
         <file>rtsv7M4_T_le_v4SPD16_eabi.lib</file>
         <name>ctype.c.obj</name>
      </input_file>
      <input_file id="fl-d7">
         <path>C:\ti\ccsv8\tools\compiler\ti-cgt-arm_18.1.2.LTS\lib\</path>
         <kind>archive</kind>
         <file>rtsv7M4_T_le_v4SPD16_eabi.lib</file>
         <name>defs.c.obj</name>
      </input_file>
      <input_file id="fl-d8">
         <path>C:\ti\ccsv8\tools\compiler\ti-cgt-arm_18.1.2.LTS\lib\</path>
         <kind>archive</kind>
         <file>rtsv7M4_T_le_v4SPD16_eabi.lib</file>
         <name>fputc.c.obj</name>
      </input_file>
      <input_file id="fl-d9">
         <path>C:\ti\ccsv8\tools\compiler\ti-cgt-arm_18.1.2.LTS\lib\</path>
         <kind>archive</kind>
         <file>rtsv7M4_T_le_v4SPD16_eabi.lib</file>
         <name>fputs.c.obj</name>
      </input_file>
      <input_file id="fl-da">
         <path>C:\ti\ccsv8\tools\compiler\ti-cgt-arm_18.1.2.LTS\lib\</path>
         <kind>archive</kind>
         <file>rtsv7M4_T_le_v4SPD16_eabi.lib</file>
         <name>ltoa.c.obj</name>
      </input_file>
      <input_file id="fl-db">
         <path>C:\ti\ccsv8\tools\compiler\ti-cgt-arm_18.1.2.LTS\lib\</path>
         <kind>archive</kind>
         <file>rtsv7M4_T_le_v4SPD16_eabi.lib</file>
         <name>memccpy.c.obj</name>
      </input_file>
      <input_file id="fl-dc">
         <path>C:\ti\ccsv8\tools\compiler\ti-cgt-arm_18.1.2.LTS\lib\</path>
         <kind>archive</kind>
         <file>rtsv7M4_T_le_v4SPD16_eabi.lib</file>
         <name>memchr.c.obj</name>
      </input_file>
      <input_file id="fl-dd">
         <path>C:\ti\ccsv8\tools\compiler\ti-cgt-arm_18.1.2.LTS\lib\</path>
         <kind>archive</kind>
         <file>rtsv7M4_T_le_v4SPD16_eabi.lib</file>
         <name>strchr.c.obj</name>
      </input_file>
      <input_file id="fl-de">
         <path>C:\ti\ccsv8\tools\compiler\ti-cgt-arm_18.1.2.LTS\lib\</path>
         <kind>archive</kind>
         <file>rtsv7M4_T_le_v4SPD16_eabi.lib</file>
         <name>strlen.c.obj</name>
      </input_file>
      <input_file id="fl-df">
         <path>C:\ti\ccsv8\tools\compiler\ti-cgt-arm_18.1.2.LTS\lib\</path>
         <kind>archive</kind>
         <file>rtsv7M4_T_le_v4SPD16_eabi.lib</file>
         <name>write.c.obj</name>
      </input_file>
      <input_file id="fl-e0">
         <path>C:\ti\ccsv8\tools\compiler\ti-cgt-arm_18.1.2.LTS\lib\</path>
         <kind>archive</kind>
         <file>rtsv7M4_T_le_v4SPD16_eabi.lib</file>
         <name>s_frexp.c.obj</name>
      </input_file>
      <input_file id="fl-e1">
         <path>C:\ti\ccsv8\tools\compiler\ti-cgt-arm_18.1.2.LTS\lib\</path>
         <kind>archive</kind>
         <file>rtsv7M4_T_le_v4SPD16_eabi.lib</file>
         <name>s_scalbn.c.obj</name>
      </input_file>
      <input_file id="fl-e2">
         <path>C:\ti\ccsv8\tools\compiler\ti-cgt-arm_18.1.2.LTS\lib\</path>
         <kind>archive</kind>
         <file>rtsv7M4_T_le_v4SPD16_eabi.lib</file>
         <name>s_copysign.c.obj</name>
      </input_file>
      <input_file id="fl-e3">
         <path>C:\ti\ccsv8\tools\compiler\ti-cgt-arm_18.1.2.LTS\lib\</path>
         <kind>archive</kind>
         <file>rtsv7M4_T_le_v4SPD16_eabi.lib</file>
         <name>wcslen.c.obj</name>
      </input_file>
      <input_file id="fl-e4">
         <path>C:\ti\ccsv8\tools\compiler\ti-cgt-arm_18.1.2.LTS\lib\</path>
         <kind>archive</kind>
         <file>rtsv7M4_T_le_v4SPD16_eabi.lib</file>
         <name>fd_add_t2.asm.obj</name>
      </input_file>
      <input_file id="fl-e5">
         <path>C:\ti\ccsv8\tools\compiler\ti-cgt-arm_18.1.2.LTS\lib\</path>
         <kind>archive</kind>
         <file>rtsv7M4_T_le_v4SPD16_eabi.lib</file>
         <name>fd_cmp_t2.asm.obj</name>
      </input_file>
      <input_file id="fl-e6">
         <path>C:\ti\ccsv8\tools\compiler\ti-cgt-arm_18.1.2.LTS\lib\</path>
         <kind>archive</kind>
         <file>rtsv7M4_T_le_v4SPD16_eabi.lib</file>
         <name>fd_div_t2.asm.obj</name>
      </input_file>
      <input_file id="fl-e7">
         <path>C:\ti\ccsv8\tools\compiler\ti-cgt-arm_18.1.2.LTS\lib\</path>
         <kind>archive</kind>
         <file>rtsv7M4_T_le_v4SPD16_eabi.lib</file>
         <name>fd_mul_t2.asm.obj</name>
      </input_file>
      <input_file id="fl-e8">
         <path>C:\ti\ccsv8\tools\compiler\ti-cgt-arm_18.1.2.LTS\lib\</path>
         <kind>archive</kind>
         <file>rtsv7M4_T_le_v4SPD16_eabi.lib</file>
         <name>fd_toi_t2.asm.obj</name>
      </input_file>
      <input_file id="fl-e9">
         <path>C:\ti\ccsv8\tools\compiler\ti-cgt-arm_18.1.2.LTS\lib\</path>
         <kind>archive</kind>
         <file>rtsv7M4_T_le_v4SPD16_eabi.lib</file>
         <name>i_tofd_t2.asm.obj</name>
      </input_file>
      <input_file id="fl-ea">
         <path>C:\ti\ccsv8\tools\compiler\ti-cgt-arm_18.1.2.LTS\lib\</path>
         <kind>archive</kind>
         <file>rtsv7M4_T_le_v4SPD16_eabi.lib</file>
         <name>ull_div_t2.asm.obj</name>
      </input_file>
      <input_file id="fl-eb">
         <path>C:\ti\ccsv8\tools\compiler\ti-cgt-arm_18.1.2.LTS\lib\</path>
         <kind>archive</kind>
         <file>rtsv7M4_T_le_v4SPD16_eabi.lib</file>
         <name>errno.c.obj</name>
      </input_file>
      <input_file id="fl-ec">
         <path>C:\ti\ccsv8\tools\compiler\ti-cgt-arm_18.1.2.LTS\lib\</path>
         <kind>archive</kind>
         <file>rtsv7M4_T_le_v4SPD16_eabi.lib</file>
         <name>_io_perm.c.obj</name>
      </input_file>
      <input_file id="fl-ed">
         <path>C:\ti\ccsv8\tools\compiler\ti-cgt-arm_18.1.2.LTS\lib\</path>
         <kind>archive</kind>
         <file>rtsv7M4_T_le_v4SPD16_eabi.lib</file>
         <name>fflush.c.obj</name>
      </input_file>
      <input_file id="fl-ee">
         <path>C:\ti\ccsv8\tools\compiler\ti-cgt-arm_18.1.2.LTS\lib\</path>
         <kind>archive</kind>
         <file>rtsv7M4_T_le_v4SPD16_eabi.lib</file>
         <name>fseek.c.obj</name>
      </input_file>
      <input_file id="fl-ef">
         <path>C:\ti\ccsv8\tools\compiler\ti-cgt-arm_18.1.2.LTS\lib\</path>
         <kind>archive</kind>
         <file>rtsv7M4_T_le_v4SPD16_eabi.lib</file>
         <name>lseek.c.obj</name>
      </input_file>
      <input_file id="fl-f0">
         <path>C:\ti\ccsv8\tools\compiler\ti-cgt-arm_18.1.2.LTS\lib\</path>
         <kind>archive</kind>
         <file>rtsv7M4_T_le_v4SPD16_eabi.lib</file>
         <name>setvbuf.c.obj</name>
      </input_file>
      <input_file id="fl-f1">
         <path>C:\ti\ccsv8\tools\compiler\ti-cgt-arm_18.1.2.LTS\lib\</path>
         <kind>archive</kind>
         <file>rtsv7M4_T_le_v4SPD16_eabi.lib</file>
         <name>hostclose.c.obj</name>
      </input_file>
      <input_file id="fl-f2">
         <path>C:\ti\ccsv8\tools\compiler\ti-cgt-arm_18.1.2.LTS\lib\</path>
         <kind>archive</kind>
         <file>rtsv7M4_T_le_v4SPD16_eabi.lib</file>
         <name>hostlseek.c.obj</name>
      </input_file>
      <input_file id="fl-f3">
         <path>C:\ti\ccsv8\tools\compiler\ti-cgt-arm_18.1.2.LTS\lib\</path>
         <kind>archive</kind>
         <file>rtsv7M4_T_le_v4SPD16_eabi.lib</file>
         <name>hostopen.c.obj</name>
      </input_file>
      <input_file id="fl-f4">
         <path>C:\ti\ccsv8\tools\compiler\ti-cgt-arm_18.1.2.LTS\lib\</path>
         <kind>archive</kind>
         <file>rtsv7M4_T_le_v4SPD16_eabi.lib</file>
         <name>hostread.c.obj</name>
      </input_file>
      <input_file id="fl-f5">
         <path>C:\ti\ccsv8\tools\compiler\ti-cgt-arm_18.1.2.LTS\lib\</path>
         <kind>archive</kind>
         <file>rtsv7M4_T_le_v4SPD16_eabi.lib</file>
         <name>hostrename.c.obj</name>
      </input_file>
      <input_file id="fl-f6">
         <path>C:\ti\ccsv8\tools\compiler\ti-cgt-arm_18.1.2.LTS\lib\</path>
         <kind>archive</kind>
         <file>rtsv7M4_T_le_v4SPD16_eabi.lib</file>
         <name>hostunlink.c.obj</name>
      </input_file>
      <input_file id="fl-f7">
         <path>C:\ti\ccsv8\tools\compiler\ti-cgt-arm_18.1.2.LTS\lib\</path>
         <kind>archive</kind>
         <file>rtsv7M4_T_le_v4SPD16_eabi.lib</file>
         <name>hostwrite.c.obj</name>
      </input_file>
      <input_file id="fl-f8">
         <path>C:\ti\ccsv8\tools\compiler\ti-cgt-arm_18.1.2.LTS\lib\</path>
         <kind>archive</kind>
         <file>rtsv7M4_T_le_v4SPD16_eabi.lib</file>
         <name>trgmsg.c.obj</name>
      </input_file>
      <input_file id="fl-f9">
         <path>C:\ti\ccsv8\tools\compiler\ti-cgt-arm_18.1.2.LTS\lib\</path>
         <kind>archive</kind>
         <file>rtsv7M4_T_le_v4SPD16_eabi.lib</file>
         <name>div0.asm.obj</name>
      </input_file>
      <input_file id="fl-fa">
         <path>C:\ti\ccsv8\tools\compiler\ti-cgt-arm_18.1.2.LTS\lib\</path>
         <kind>archive</kind>
         <file>rtsv7M4_T_le_v4SPD16_eabi.lib</file>
         <name>memory.c.obj</name>
      </input_file>
      <input_file id="fl-fb">
         <path>C:\ti\ccsv8\tools\compiler\ti-cgt-arm_18.1.2.LTS\lib\</path>
         <kind>archive</kind>
         <file>rtsv7M4_T_le_v4SPD16_eabi.lib</file>
         <name>fopen.c.obj</name>
      </input_file>
      <input_file id="fl-fc">
         <path>C:\ti\ccsv8\tools\compiler\ti-cgt-arm_18.1.2.LTS\lib\</path>
         <kind>archive</kind>
         <file>rtsv7M4_T_le_v4SPD16_eabi.lib</file>
         <name>open.c.obj</name>
      </input_file>
      <input_file id="fl-fd">
         <path>C:\ti\ccsv8\tools\compiler\ti-cgt-arm_18.1.2.LTS\lib\</path>
         <kind>archive</kind>
         <file>rtsv7M4_T_le_v4SPD16_eabi.lib</file>
         <name>strcpy.c.obj</name>
      </input_file>
      <input_file id="fl-fe">
         <path>C:\ti\ccsv8\tools\compiler\ti-cgt-arm_18.1.2.LTS\lib\</path>
         <kind>archive</kind>
         <file>rtsv7M4_T_le_v4SPD16_eabi.lib</file>
         <name>fclose.c.obj</name>
      </input_file>
      <input_file id="fl-ff">
         <path>C:\ti\ccsv8\tools\compiler\ti-cgt-arm_18.1.2.LTS\lib\</path>
         <kind>archive</kind>
         <file>rtsv7M4_T_le_v4SPD16_eabi.lib</file>
         <name>getdevice.c.obj</name>
      </input_file>
      <input_file id="fl-100">
         <path>C:\ti\ccsv8\tools\compiler\ti-cgt-arm_18.1.2.LTS\lib\</path>
         <kind>archive</kind>
         <file>rtsv7M4_T_le_v4SPD16_eabi.lib</file>
         <name>remove.c.obj</name>
      </input_file>
      <input_file id="fl-101">
         <path>C:\ti\ccsv8\tools\compiler\ti-cgt-arm_18.1.2.LTS\lib\</path>
         <kind>archive</kind>
         <file>rtsv7M4_T_le_v4SPD16_eabi.lib</file>
         <name>strcmp.c.obj</name>
      </input_file>
      <input_file id="fl-102">
         <path>C:\ti\ccsv8\tools\compiler\ti-cgt-arm_18.1.2.LTS\lib\</path>
         <kind>archive</kind>
         <file>rtsv7M4_T_le_v4SPD16_eabi.lib</file>
         <name>strncpy.c.obj</name>
      </input_file>
      <input_file id="fl-103">
         <path>C:\ti\ccsv8\tools\compiler\ti-cgt-arm_18.1.2.LTS\lib\</path>
         <kind>archive</kind>
         <file>rtsv7M4_T_le_v4SPD16_eabi.lib</file>
         <name>unlink.c.obj</name>
      </input_file>
      <input_file id="fl-104">
         <path>C:\ti\ccsv8\tools\compiler\ti-cgt-arm_18.1.2.LTS\lib\</path>
         <kind>archive</kind>
         <file>rtsv7M4_T_le_v4SPD16_eabi.lib</file>
         <name>close.c.obj</name>
      </input_file>
   </input_file_list>
   <object_component_list>
      <object_component id="oc-23">
         <name>.intvecs:retain</name>
         <load_address>0x0</load_address>
         <run_address>0x0</run_address>
         <size>0xe4</size>
         <input_file_ref idref="fl-4"/>
      </object_component>
      <object_component id="oc-151">
         <name>.text:__TI_printfi</name>
         <load_address>0xe4</load_address>
         <run_address>0xe4</run_address>
         <size>0xa5e</size>
         <input_file_ref idref="fl-d4"/>
      </object_component>
      <object_component id="oc-6d">
         <name>.text:Default_Handler</name>
         <load_address>0xb42</load_address>
         <run_address>0xb42</run_address>
         <size>0x2</size>
         <input_file_ref idref="fl-4"/>
      </object_component>
      <object_component id="oc-1e7">
         <name>.text:_pconv_a</name>
         <load_address>0xb44</load_address>
         <run_address>0xb44</run_address>
         <size>0x270</size>
         <input_file_ref idref="fl-d4"/>
      </object_component>
      <object_component id="oc-1d5">
         <name>.text:_pconv_g</name>
         <load_address>0xdb4</load_address>
         <run_address>0xdb4</run_address>
         <size>0x1d0</size>
         <input_file_ref idref="fl-d4"/>
      </object_component>
      <object_component id="oc-27d">
         <name>.text</name>
         <load_address>0xf84</load_address>
         <run_address>0xf84</run_address>
         <size>0x1b6</size>
         <input_file_ref idref="fl-e4"/>
      </object_component>
      <object_component id="oc-20b">
         <name>.text:_nop</name>
         <load_address>0x113a</load_address>
         <run_address>0x113a</run_address>
         <size>0x2</size>
         <input_file_ref idref="fl-cc"/>
      </object_component>
      <object_component id="oc-1e1">
         <name>.text:_pconv_e</name>
         <load_address>0x113c</load_address>
         <run_address>0x113c</run_address>
         <size>0x13c</size>
         <input_file_ref idref="fl-d4"/>
      </object_component>
      <object_component id="oc-263">
         <name>.text</name>
         <load_address>0x1278</load_address>
         <run_address>0x1278</run_address>
         <size>0x136</size>
         <input_file_ref idref="fl-e6"/>
      </object_component>
      <object_component id="oc-30a">
         <name>.text</name>
         <load_address>0x13ae</load_address>
         <run_address>0x13ae</run_address>
         <size>0x2</size>
         <input_file_ref idref="fl-f9"/>
      </object_component>
      <object_component id="oc-28f">
         <name>.text:fcvt</name>
         <load_address>0x13b0</load_address>
         <run_address>0x13b0</run_address>
         <size>0x120</size>
         <input_file_ref idref="fl-d4"/>
      </object_component>
      <object_component id="oc-219">
         <name>.text:fputs</name>
         <load_address>0x14d0</load_address>
         <run_address>0x14d0</run_address>
         <size>0x114</size>
         <input_file_ref idref="fl-d9"/>
      </object_component>
      <object_component id="oc-2a3">
         <name>.text:scalbn</name>
         <load_address>0x15e4</load_address>
         <run_address>0x15e4</run_address>
         <size>0x110</size>
         <input_file_ref idref="fl-e1"/>
      </object_component>
      <object_component id="oc-25e">
         <name>.text</name>
         <load_address>0x16f4</load_address>
         <run_address>0x16f4</run_address>
         <size>0xfc</size>
         <input_file_ref idref="fl-e7"/>
      </object_component>
      <object_component id="oc-345">
         <name>.text:setvbuf</name>
         <load_address>0x17f0</load_address>
         <run_address>0x17f0</run_address>
         <size>0xdc</size>
         <input_file_ref idref="fl-f0"/>
      </object_component>
      <object_component id="oc-373">
         <name>.text:free</name>
         <load_address>0x18cc</load_address>
         <run_address>0x18cc</run_address>
         <size>0xd8</size>
         <input_file_ref idref="fl-fa"/>
      </object_component>
      <object_component id="oc-1ca">
         <name>.text:_ltostr</name>
         <load_address>0x19a4</load_address>
         <run_address>0x19a4</run_address>
         <size>0xb1</size>
         <input_file_ref idref="fl-d4"/>
      </object_component>
      <object_component id="oc-37">
         <name>.text</name>
         <load_address>0x1a56</load_address>
         <run_address>0x1a56</run_address>
         <size>0x9c</size>
         <input_file_ref idref="fl-d0"/>
      </object_component>
      <object_component id="oc-257">
         <name>.text</name>
         <load_address>0x1af2</load_address>
         <run_address>0x1af2</run_address>
         <size>0x96</size>
         <input_file_ref idref="fl-ea"/>
      </object_component>
      <object_component id="oc-220">
         <name>.text:fputc</name>
         <load_address>0x1b88</load_address>
         <run_address>0x1b88</run_address>
         <size>0x8c</size>
         <input_file_ref idref="fl-d8"/>
      </object_component>
      <object_component id="oc-1d0">
         <name>.text:__aeabi_cdcmple</name>
         <load_address>0x1c14</load_address>
         <run_address>0x1c14</run_address>
         <size>0x86</size>
         <input_file_ref idref="fl-e5"/>
      </object_component>
      <object_component id="oc-268">
         <name>.text:__aeabi_cdrcmple</name>
         <load_address>0x1c9a</load_address>
         <run_address>0x1c9a</run_address>
         <size>0x86</size>
         <input_file_ref idref="fl-e5"/>
      </object_component>
      <object_component id="oc-91">
         <name>.text</name>
         <load_address>0x1d20</load_address>
         <run_address>0x1d20</run_address>
         <size>0x7a</size>
         <input_file_ref idref="fl-cf"/>
      </object_component>
      <object_component id="oc-af">
         <name>.text:SystemInit</name>
         <load_address>0x1d9c</load_address>
         <run_address>0x1d9c</run_address>
         <size>0x78</size>
         <input_file_ref idref="fl-3"/>
      </object_component>
      <object_component id="oc-379">
         <name>.text:malloc</name>
         <load_address>0x1e14</load_address>
         <run_address>0x1e14</run_address>
         <size>0x78</size>
         <input_file_ref idref="fl-fa"/>
      </object_component>
      <object_component id="oc-3be">
         <name>.text:__TI_closefile</name>
         <load_address>0x1e8c</load_address>
         <run_address>0x1e8c</run_address>
         <size>0x74</size>
         <input_file_ref idref="fl-fe"/>
      </object_component>
      <object_component id="oc-288">
         <name>.text:_mcpy</name>
         <load_address>0x1f00</load_address>
         <run_address>0x1f00</run_address>
         <size>0x6e</size>
         <input_file_ref idref="fl-d4"/>
      </object_component>
      <object_component id="oc-3e2">
         <name>.text:HOSTlseek</name>
         <load_address>0x1f70</load_address>
         <run_address>0x1f70</run_address>
         <size>0x68</size>
         <input_file_ref idref="fl-f2"/>
      </object_component>
      <object_component id="oc-3ee">
         <name>.text:HOSTrename</name>
         <load_address>0x1fd8</load_address>
         <run_address>0x1fd8</run_address>
         <size>0x68</size>
         <input_file_ref idref="fl-f5"/>
      </object_component>
      <object_component id="oc-14">
         <name>.text:decompress:lzss:__TI_decompress_lzss</name>
         <load_address>0x2040</load_address>
         <run_address>0x2040</run_address>
         <size>0x68</size>
         <input_file_ref idref="fl-c9"/>
      </object_component>
      <object_component id="oc-e0">
         <name>.text:printf</name>
         <load_address>0x20a8</load_address>
         <run_address>0x20a8</run_address>
         <size>0x68</size>
         <input_file_ref idref="fl-ce"/>
      </object_component>
      <object_component id="oc-29d">
         <name>.text:frexp</name>
         <load_address>0x2110</load_address>
         <run_address>0x2110</run_address>
         <size>0x64</size>
         <input_file_ref idref="fl-e0"/>
      </object_component>
      <object_component id="oc-33f">
         <name>.text:fseek</name>
         <load_address>0x2174</load_address>
         <run_address>0x2174</run_address>
         <size>0x64</size>
         <input_file_ref idref="fl-ee"/>
      </object_component>
      <object_component id="oc-2d4">
         <name>.text:__TI_wrt_ok</name>
         <load_address>0x21d8</load_address>
         <run_address>0x21d8</run_address>
         <size>0x62</size>
         <input_file_ref idref="fl-ec"/>
      </object_component>
      <object_component id="oc-3ca">
         <name>.text:HOSTopen</name>
         <load_address>0x223c</load_address>
         <run_address>0x223c</run_address>
         <size>0x60</size>
         <input_file_ref idref="fl-f3"/>
      </object_component>
      <object_component id="oc-3fd">
         <name>.text:close</name>
         <load_address>0x229c</load_address>
         <run_address>0x229c</run_address>
         <size>0x5c</size>
         <input_file_ref idref="fl-104"/>
      </object_component>
      <object_component id="oc-14a">
         <name>.text:GPIO_setAsInputPinWithPullUpResistor</name>
         <load_address>0x22f8</load_address>
         <run_address>0x22f8</run_address>
         <size>0x58</size>
         <input_file_ref idref="fl-d"/>
      </object_component>
      <object_component id="oc-3d6">
         <name>.text:HOSTread</name>
         <load_address>0x2350</load_address>
         <run_address>0x2350</run_address>
         <size>0x58</size>
         <input_file_ref idref="fl-f4"/>
      </object_component>
      <object_component id="oc-3dc">
         <name>.text:HOSTwrite</name>
         <load_address>0x23a8</load_address>
         <run_address>0x23a8</run_address>
         <size>0x58</size>
         <input_file_ref idref="fl-f7"/>
      </object_component>
      <object_component id="oc-1db">
         <name>.text:_pconv_f</name>
         <load_address>0x2400</load_address>
         <run_address>0x2400</run_address>
         <size>0x56</size>
         <input_file_ref idref="fl-d4"/>
      </object_component>
      <object_component id="oc-272">
         <name>.text:ltoa</name>
         <load_address>0x2456</load_address>
         <run_address>0x2456</run_address>
         <size>0x54</size>
         <input_file_ref idref="fl-da"/>
      </object_component>
      <object_component id="oc-282">
         <name>.text:_ecpy</name>
         <load_address>0x24aa</load_address>
         <run_address>0x24aa</run_address>
         <size>0x52</size>
         <input_file_ref idref="fl-d4"/>
      </object_component>
      <object_component id="oc-2e0">
         <name>.text:__TI_doflush</name>
         <load_address>0x24fc</load_address>
         <run_address>0x24fc</run_address>
         <size>0x4c</size>
         <input_file_ref idref="fl-ed"/>
      </object_component>
      <object_component id="oc-1c4">
         <name>.text:atoi</name>
         <load_address>0x2548</load_address>
         <run_address>0x2548</run_address>
         <size>0x4c</size>
         <input_file_ref idref="fl-d5"/>
      </object_component>
      <object_component id="oc-ff">
         <name>.text:exit</name>
         <load_address>0x2594</load_address>
         <run_address>0x2594</run_address>
         <size>0x48</size>
         <input_file_ref idref="fl-cb"/>
      </object_component>
      <object_component id="oc-26d">
         <name>.text</name>
         <load_address>0x25dc</load_address>
         <run_address>0x25dc</run_address>
         <size>0x48</size>
         <input_file_ref idref="fl-e8"/>
      </object_component>
      <object_component id="oc-3d0">
         <name>.text:HOSTclose</name>
         <load_address>0x2624</load_address>
         <run_address>0x2624</run_address>
         <size>0x44</size>
         <input_file_ref idref="fl-f1"/>
      </object_component>
      <object_component id="oc-3e8">
         <name>.text:HOSTunlink</name>
         <load_address>0x2668</load_address>
         <run_address>0x2668</run_address>
         <size>0x44</size>
         <input_file_ref idref="fl-f6"/>
      </object_component>
      <object_component id="oc-105">
         <name>.text:__TI_auto_init_nobinit_nopinit:__TI_auto_init_nobinit_nopinit</name>
         <load_address>0x26ac</load_address>
         <run_address>0x26ac</run_address>
         <size>0x44</size>
         <input_file_ref idref="fl-d1"/>
      </object_component>
      <object_component id="oc-432">
         <name>.text:getdevice</name>
         <load_address>0x26f0</load_address>
         <run_address>0x26f0</run_address>
         <size>0x44</size>
         <input_file_ref idref="fl-ff"/>
      </object_component>
      <object_component id="oc-144">
         <name>.text:GPIO_setAsOutputPin</name>
         <load_address>0x2734</load_address>
         <run_address>0x2734</run_address>
         <size>0x40</size>
         <input_file_ref idref="fl-d"/>
      </object_component>
      <object_component id="oc-295">
         <name>.text:_fcpy</name>
         <load_address>0x2774</load_address>
         <run_address>0x2774</run_address>
         <size>0x3e</size>
         <input_file_ref idref="fl-d4"/>
      </object_component>
      <object_component id="oc-3b3">
         <name>.text:minsert</name>
         <load_address>0x27b4</load_address>
         <run_address>0x27b4</run_address>
         <size>0x3c</size>
         <input_file_ref idref="fl-fa"/>
      </object_component>
      <object_component id="oc-40e">
         <name>.text:__TI_writemsg</name>
         <load_address>0x27f0</load_address>
         <run_address>0x27f0</run_address>
         <size>0x38</size>
         <input_file_ref idref="fl-f8"/>
      </object_component>
      <object_component id="oc-55">
         <name>.text:_c_int00_noargs:_c_int00_noargs</name>
         <load_address>0x2828</load_address>
         <run_address>0x2828</run_address>
         <size>0x38</size>
         <input_file_ref idref="fl-ca"/>
      </object_component>
      <object_component id="oc-3a7">
         <name>.text:minit</name>
         <load_address>0x2860</load_address>
         <run_address>0x2860</run_address>
         <size>0x38</size>
         <input_file_ref idref="fl-fa"/>
      </object_component>
      <object_component id="oc-454">
         <name>.text:strncpy</name>
         <load_address>0x2898</load_address>
         <run_address>0x2898</run_address>
         <size>0x36</size>
         <input_file_ref idref="fl-102"/>
      </object_component>
      <object_component id="oc-37f">
         <name>.text:__TI_cleanup</name>
         <load_address>0x28d0</load_address>
         <run_address>0x28d0</run_address>
         <size>0x34</size>
         <input_file_ref idref="fl-fb"/>
      </object_component>
      <object_component id="oc-414">
         <name>.text:__TI_readmsg</name>
         <load_address>0x2904</load_address>
         <run_address>0x2904</run_address>
         <size>0x34</size>
         <input_file_ref idref="fl-f8"/>
      </object_component>
      <object_component id="oc-170">
         <name>.text:GPIO_getInputPinValue</name>
         <load_address>0x2938</load_address>
         <run_address>0x2938</run_address>
         <size>0x30</size>
         <input_file_ref idref="fl-d"/>
      </object_component>
      <object_component id="oc-45a">
         <name>.text:finddevice</name>
         <load_address>0x2968</load_address>
         <run_address>0x2968</run_address>
         <size>0x30</size>
         <input_file_ref idref="fl-ff"/>
      </object_component>
      <object_component id="oc-278">
         <name>.text</name>
         <load_address>0x2998</load_address>
         <run_address>0x2998</run_address>
         <size>0x2e</size>
         <input_file_ref idref="fl-e9"/>
      </object_component>
      <object_component id="oc-403">
         <name>.text:unlink</name>
         <load_address>0x29c8</load_address>
         <run_address>0x29c8</run_address>
         <size>0x2c</size>
         <input_file_ref idref="fl-103"/>
      </object_component>
      <object_component id="oc-17e">
         <name>.text:GPIO_setOutputHighOnPin</name>
         <load_address>0x29f4</load_address>
         <run_address>0x29f4</run_address>
         <size>0x28</size>
         <input_file_ref idref="fl-d"/>
      </object_component>
      <object_component id="oc-177">
         <name>.text:GPIO_setOutputLowOnPin</name>
         <load_address>0x2a1c</load_address>
         <run_address>0x2a1c</run_address>
         <size>0x28</size>
         <input_file_ref idref="fl-d"/>
      </object_component>
      <object_component id="oc-36b">
         <name>.text:lseek</name>
         <load_address>0x2a44</load_address>
         <run_address>0x2a44</run_address>
         <size>0x28</size>
         <input_file_ref idref="fl-ef"/>
      </object_component>
      <object_component id="oc-9d">
         <name>.text:main</name>
         <load_address>0x2a6c</load_address>
         <run_address>0x2a6c</run_address>
         <size>0x28</size>
         <input_file_ref idref="fl-2"/>
      </object_component>
      <object_component id="oc-3ad">
         <name>.text:mremove</name>
         <load_address>0x2a94</load_address>
         <run_address>0x2a94</run_address>
         <size>0x28</size>
         <input_file_ref idref="fl-fa"/>
      </object_component>
      <object_component id="oc-2e6">
         <name>.text:write</name>
         <load_address>0x2abc</load_address>
         <run_address>0x2abc</run_address>
         <size>0x28</size>
         <input_file_ref idref="fl-df"/>
      </object_component>
      <object_component id="oc-13e">
         <name>.text:WDT_A_holdTimer</name>
         <load_address>0x2ae4</load_address>
         <run_address>0x2ae4</run_address>
         <size>0x24</size>
         <input_file_ref idref="fl-f"/>
      </object_component>
      <object_component id="oc-2da">
         <name>.text:memchr</name>
         <load_address>0x2b08</load_address>
         <run_address>0x2b08</run_address>
         <size>0x20</size>
         <input_file_ref idref="fl-dc"/>
      </object_component>
      <object_component id="oc-1ed">
         <name>.text:memccpy</name>
         <load_address>0x2b28</load_address>
         <run_address>0x2b28</run_address>
         <size>0x1c</size>
         <input_file_ref idref="fl-db"/>
      </object_component>
      <object_component id="oc-da">
         <name>.text:initialize</name>
         <load_address>0x2b44</load_address>
         <run_address>0x2b44</run_address>
         <size>0x18</size>
         <input_file_ref idref="fl-2"/>
      </object_component>
      <object_component id="oc-471">
         <name>.text:strcmp</name>
         <load_address>0x2b5c</load_address>
         <run_address>0x2b5c</run_address>
         <size>0x18</size>
         <input_file_ref idref="fl-101"/>
      </object_component>
      <object_component id="oc-2a9">
         <name>.text:strchr</name>
         <load_address>0x2b74</load_address>
         <run_address>0x2b74</run_address>
         <size>0x16</size>
         <input_file_ref idref="fl-dd"/>
      </object_component>
      <object_component id="oc-323">
         <name>.text:copysign</name>
         <load_address>0x2b8a</load_address>
         <run_address>0x2b8a</run_address>
         <size>0x14</size>
         <input_file_ref idref="fl-e2"/>
      </object_component>
      <object_component id="oc-428">
         <name>.text:strcpy</name>
         <load_address>0x2b9e</load_address>
         <run_address>0x2b9e</run_address>
         <size>0x14</size>
         <input_file_ref idref="fl-fd"/>
      </object_component>
      <object_component id="oc-1be">
         <name>.text:strlen</name>
         <load_address>0x2bb2</load_address>
         <run_address>0x2bb2</run_address>
         <size>0x14</size>
         <input_file_ref idref="fl-de"/>
      </object_component>
      <object_component id="oc-43">
         <name>.text:decompress:ZI:__TI_zero_init_nomemset:__TI_zero_init_nomemset</name>
         <load_address>0x2bc6</load_address>
         <run_address>0x2bc6</run_address>
         <size>0x12</size>
         <input_file_ref idref="fl-c7"/>
      </object_component>
      <object_component id="oc-1f3">
         <name>.text:wcslen</name>
         <load_address>0x2bd8</load_address>
         <run_address>0x2bd8</run_address>
         <size>0x12</size>
         <input_file_ref idref="fl-e3"/>
      </object_component>
      <object_component id="oc-1a">
         <name>.text:decompress:none:__TI_decompress_none</name>
         <load_address>0x2bea</load_address>
         <run_address>0x2bea</run_address>
         <size>0xe</size>
         <input_file_ref idref="fl-c8"/>
      </object_component>
      <object_component id="oc-67">
         <name>.text:Reset_Handler</name>
         <load_address>0x2bf8</load_address>
         <run_address>0x2bf8</run_address>
         <size>0xc</size>
         <input_file_ref idref="fl-4"/>
      </object_component>
      <object_component id="oc-e6">
         <name>.text:SwitchStatus_LaunchpadLED1</name>
         <load_address>0x2c04</load_address>
         <run_address>0x2c04</run_address>
         <size>0xc</size>
         <input_file_ref idref="fl-2"/>
      </object_component>
      <object_component id="oc-ec">
         <name>.text:TurnOff_LaunchpadLED1</name>
         <load_address>0x2c10</load_address>
         <run_address>0x2c10</run_address>
         <size>0xc</size>
         <input_file_ref idref="fl-2"/>
      </object_component>
      <object_component id="oc-f2">
         <name>.text:TurnOn_LaunchpadLED1</name>
         <load_address>0x2c1c</load_address>
         <run_address>0x2c1c</run_address>
         <size>0xc</size>
         <input_file_ref idref="fl-2"/>
      </object_component>
      <object_component id="oc-1f9">
         <name>.text:__aeabi_errno_addr</name>
         <load_address>0x2c28</load_address>
         <run_address>0x2c28</run_address>
         <size>0x8</size>
         <input_file_ref idref="fl-eb"/>
      </object_component>
      <object_component id="oc-163">
         <name>.text:_outc</name>
         <load_address>0x2c30</load_address>
         <run_address>0x2c30</run_address>
         <size>0x4</size>
         <input_file_ref idref="fl-ce"/>
      </object_component>
      <object_component id="oc-15d">
         <name>.text:_outs</name>
         <load_address>0x2c34</load_address>
         <run_address>0x2c34</run_address>
         <size>0x4</size>
         <input_file_ref idref="fl-ce"/>
      </object_component>
      <object_component id="oc-97">
         <name>.text:_system_pre_init</name>
         <load_address>0x2c38</load_address>
         <run_address>0x2c38</run_address>
         <size>0x4</size>
         <input_file_ref idref="fl-d2"/>
      </object_component>
      <object_component id="oc-f9">
         <name>.text:abort:abort</name>
         <load_address>0x2c3c</load_address>
         <run_address>0x2c3c</run_address>
         <size>0x4</size>
         <input_file_ref idref="fl-cb"/>
      </object_component>
      <object_component id="oc-252">
         <name>.const:.string:_ctypes_</name>
         <load_address>0x2c40</load_address>
         <run_address>0x2c40</run_address>
         <size>0x101</size>
         <input_file_ref idref="fl-d6"/>
      </object_component>
      <object_component id="oc-1b9">
         <name>.const:GPIO_PORT_TO_BASE</name>
         <load_address>0x2d44</load_address>
         <run_address>0x2d44</run_address>
         <size>0x30</size>
         <input_file_ref idref="fl-d"/>
      </object_component>
      <object_component id="oc-4af">
         <name>.cinit..data.load</name>
         <load_address>0x2d78</load_address>
         <run_address>0x2d78</run_address>
         <size>0x6c</size>
      </object_component>
      <object_component id="oc-4ad">
         <name>__TI_handler_table</name>
         <load_address>0x2de4</load_address>
         <run_address>0x2de4</run_address>
         <size>0xc</size>
      </object_component>
      <object_component id="oc-4b0">
         <name>.cinit..bss.load</name>
         <load_address>0x2df0</load_address>
         <run_address>0x2df0</run_address>
         <size>0x8</size>
      </object_component>
      <object_component id="oc-4ae">
         <name>__TI_cinit_table</name>
         <load_address>0x2df8</load_address>
         <run_address>0x2df8</run_address>
         <size>0x10</size>
      </object_component>
      <object_component id="oc-482">
         <name>.binit</name>
         <load_address>0x0</load_address>
         <run_address>0x0</run_address>
         <size>0x0</size>
      </object_component>
      <object_component id="oc-186">
         <name>.data:$O1$$</name>
         <load_address>0x200009c8</load_address>
         <run_address>0x200009c8</run_address>
         <size>0xc</size>
         <input_file_ref idref="fl-cb"/>
      </object_component>
      <object_component id="oc-157">
         <name>.data:$O1$$</name>
         <load_address>0x200009e0</load_address>
         <run_address>0x200009e0</run_address>
         <size>0x8</size>
         <input_file_ref idref="fl-cc"/>
      </object_component>
      <object_component id="oc-15a">
         <name>.data:_ftable</name>
         <load_address>0x20000800</load_address>
         <run_address>0x20000800</run_address>
         <size>0xf0</size>
         <input_file_ref idref="fl-d7"/>
      </object_component>
      <object_component id="oc-3c4">
         <name>.data</name>
         <load_address>0x200009b8</load_address>
         <run_address>0x200009b8</run_address>
         <size>0x10</size>
         <input_file_ref idref="fl-d7"/>
      </object_component>
      <object_component id="oc-392">
         <name>.data:_device</name>
         <load_address>0x200008f0</load_address>
         <run_address>0x200008f0</run_address>
         <size>0x78</size>
         <input_file_ref idref="fl-df"/>
      </object_component>
      <object_component id="oc-351">
         <name>.data:_stream</name>
         <load_address>0x20000968</load_address>
         <run_address>0x20000968</run_address>
         <size>0x50</size>
         <input_file_ref idref="fl-df"/>
      </object_component>
      <object_component id="oc-2b9">
         <name>.data</name>
         <load_address>0x200009e8</load_address>
         <run_address>0x200009e8</run_address>
         <size>0x4</size>
         <input_file_ref idref="fl-eb"/>
      </object_component>
      <object_component id="oc-3b9">
         <name>.data:$O1$$</name>
         <load_address>0x200009d4</load_address>
         <run_address>0x200009d4</run_address>
         <size>0xc</size>
         <input_file_ref idref="fl-fa"/>
      </object_component>
      <object_component id="oc-43c">
         <name>.bss:_CIOBUF_</name>
         <uninitialized>true</uninitialized>
         <run_address>0x200009ec</run_address>
         <size>0x120</size>
         <input_file_ref idref="fl-f8"/>
      </object_component>
      <object_component id="oc-409">
         <name>.common:__TI_tmpnams</name>
         <uninitialized>true</uninitialized>
         <run_address>0x20000b0c</run_address>
         <size>0xa0</size>
      </object_component>
      <object_component id="oc-41a">
         <name>.common:parmbuf</name>
         <uninitialized>true</uninitialized>
         <run_address>0x20000bac</run_address>
         <size>0x8</size>
      </object_component>
      <object_component id="oc-29">
         <name>.sysmem</name>
         <uninitialized>true</uninitialized>
         <run_address>0x20000000</run_address>
         <size>0x8</size>
         <input_file_ref idref="fl-fa"/>
      </object_component>
      <object_component id="oc-4b2">
         <name>.sysmem</name>
         <uninitialized>true</uninitialized>
         <run_address>0x20000000</run_address>
         <size>0x0</size>
      </object_component>
      <object_component id="oc-26">
         <name>.stack</name>
         <uninitialized>true</uninitialized>
         <run_address>0x2000fe00</run_address>
         <size>0x4</size>
         <input_file_ref idref="fl-ca"/>
      </object_component>
      <object_component id="oc-4b1">
         <name>.stack</name>
         <uninitialized>true</uninitialized>
         <run_address>0x2000fe00</run_address>
         <size>0x0</size>
      </object_component>
      <object_component id="oc-13d">
         <name>.debug_info</name>
         <load_address>0x0</load_address>
         <run_address>0x0</run_address>
         <size>0x6de</size>
         <input_file_ref idref="fl-2"/>
      </object_component>
      <object_component id="oc-9e">
         <name>.debug_info</name>
         <load_address>0x6de</load_address>
         <run_address>0x6de</run_address>
         <size>0x183</size>
         <input_file_ref idref="fl-2"/>
      </object_component>
      <object_component id="oc-db">
         <name>.debug_info</name>
         <load_address>0x861</load_address>
         <run_address>0x861</run_address>
         <size>0x176</size>
         <input_file_ref idref="fl-2"/>
      </object_component>
      <object_component id="oc-f3">
         <name>.debug_info</name>
         <load_address>0x9d7</load_address>
         <run_address>0x9d7</run_address>
         <size>0x14d</size>
         <input_file_ref idref="fl-2"/>
      </object_component>
      <object_component id="oc-ed">
         <name>.debug_info</name>
         <load_address>0xb24</load_address>
         <run_address>0xb24</run_address>
         <size>0x14e</size>
         <input_file_ref idref="fl-2"/>
      </object_component>
      <object_component id="oc-e7">
         <name>.debug_info</name>
         <load_address>0xc72</load_address>
         <run_address>0xc72</run_address>
         <size>0x15b</size>
         <input_file_ref idref="fl-2"/>
      </object_component>
      <object_component id="oc-b9">
         <name>.debug_info</name>
         <load_address>0xdcd</load_address>
         <run_address>0xdcd</run_address>
         <size>0x26b</size>
         <input_file_ref idref="fl-2"/>
      </object_component>
      <object_component id="oc-1a9">
         <name>.debug_info</name>
         <load_address>0x1038</load_address>
         <run_address>0x1038</run_address>
         <size>0x1055</size>
         <input_file_ref idref="fl-2"/>
      </object_component>
      <object_component id="oc-1a4">
         <name>.debug_info</name>
         <load_address>0x208d</load_address>
         <run_address>0x208d</run_address>
         <size>0x37e2</size>
         <input_file_ref idref="fl-2"/>
      </object_component>
      <object_component id="oc-32">
         <name>.debug_info</name>
         <load_address>0x586f</load_address>
         <run_address>0x586f</run_address>
         <size>0x84</size>
         <input_file_ref idref="fl-2"/>
      </object_component>
      <object_component id="oc-138">
         <name>.debug_info</name>
         <load_address>0x58f3</load_address>
         <run_address>0x58f3</run_address>
         <size>0x297</size>
         <input_file_ref idref="fl-2"/>
      </object_component>
      <object_component id="oc-1b3">
         <name>.debug_info</name>
         <load_address>0x5b8a</load_address>
         <run_address>0x5b8a</run_address>
         <size>0xef</size>
         <input_file_ref idref="fl-2"/>
      </object_component>
      <object_component id="oc-1ae">
         <name>.debug_info</name>
         <load_address>0x5c79</load_address>
         <run_address>0x5c79</run_address>
         <size>0xbb</size>
         <input_file_ref idref="fl-2"/>
      </object_component>
      <object_component id="oc-b1">
         <name>.debug_info</name>
         <load_address>0x5d34</load_address>
         <run_address>0x5d34</run_address>
         <size>0x11e</size>
         <input_file_ref idref="fl-3"/>
      </object_component>
      <object_component id="oc-75">
         <name>.debug_info</name>
         <load_address>0x5e52</load_address>
         <run_address>0x5e52</run_address>
         <size>0x2be</size>
         <input_file_ref idref="fl-4"/>
      </object_component>
      <object_component id="oc-24">
         <name>.debug_info</name>
         <load_address>0x6110</load_address>
         <run_address>0x6110</run_address>
         <size>0xea</size>
         <input_file_ref idref="fl-4"/>
      </object_component>
      <object_component id="oc-68">
         <name>.debug_info</name>
         <load_address>0x61fa</load_address>
         <run_address>0x61fa</run_address>
         <size>0x14d</size>
         <input_file_ref idref="fl-4"/>
      </object_component>
      <object_component id="oc-6e">
         <name>.debug_info</name>
         <load_address>0x6347</load_address>
         <run_address>0x6347</run_address>
         <size>0x135</size>
         <input_file_ref idref="fl-4"/>
      </object_component>
      <object_component id="oc-24f">
         <name>.debug_info</name>
         <load_address>0x647c</load_address>
         <run_address>0x647c</run_address>
         <size>0x6fd</size>
         <input_file_ref idref="fl-d"/>
      </object_component>
      <object_component id="oc-1ba">
         <name>.debug_info</name>
         <load_address>0x6b79</load_address>
         <run_address>0x6b79</run_address>
         <size>0x131</size>
         <input_file_ref idref="fl-d"/>
      </object_component>
      <object_component id="oc-148">
         <name>.debug_info</name>
         <load_address>0x6caa</load_address>
         <run_address>0x6caa</run_address>
         <size>0x24e</size>
         <input_file_ref idref="fl-d"/>
      </object_component>
      <object_component id="oc-181">
         <name>.debug_info</name>
         <load_address>0x6ef8</load_address>
         <run_address>0x6ef8</run_address>
         <size>0x256</size>
         <input_file_ref idref="fl-d"/>
      </object_component>
      <object_component id="oc-17a">
         <name>.debug_info</name>
         <load_address>0x714e</load_address>
         <run_address>0x714e</run_address>
         <size>0x254</size>
         <input_file_ref idref="fl-d"/>
      </object_component>
      <object_component id="oc-14d">
         <name>.debug_info</name>
         <load_address>0x73a2</load_address>
         <run_address>0x73a2</run_address>
         <size>0x270</size>
         <input_file_ref idref="fl-d"/>
      </object_component>
      <object_component id="oc-173">
         <name>.debug_info</name>
         <load_address>0x7612</load_address>
         <run_address>0x7612</run_address>
         <size>0x27a</size>
         <input_file_ref idref="fl-d"/>
      </object_component>
      <object_component id="oc-2fe">
         <name>.debug_info</name>
         <load_address>0x788c</load_address>
         <run_address>0x788c</run_address>
         <size>0x431a</size>
         <input_file_ref idref="fl-d"/>
      </object_component>
      <object_component id="oc-140">
         <name>.debug_info</name>
         <load_address>0xbba6</load_address>
         <run_address>0xbba6</run_address>
         <size>0x1c5</size>
         <input_file_ref idref="fl-f"/>
      </object_component>
      <object_component id="oc-90">
         <name>.debug_info</name>
         <load_address>0xbd6b</load_address>
         <run_address>0xbd6b</run_address>
         <size>0x313</size>
         <input_file_ref idref="fl-c7"/>
      </object_component>
      <object_component id="oc-44">
         <name>.debug_info</name>
         <load_address>0xc07e</load_address>
         <run_address>0xc07e</run_address>
         <size>0x1b4</size>
         <input_file_ref idref="fl-c7"/>
      </object_component>
      <object_component id="oc-8b">
         <name>.debug_info</name>
         <load_address>0xc232</load_address>
         <run_address>0xc232</run_address>
         <size>0x46</size>
         <input_file_ref idref="fl-c7"/>
      </object_component>
      <object_component id="oc-d1">
         <name>.debug_info</name>
         <load_address>0xc278</load_address>
         <run_address>0xc278</run_address>
         <size>0x2c</size>
         <input_file_ref idref="fl-c7"/>
      </object_component>
      <object_component id="oc-42">
         <name>.debug_info</name>
         <load_address>0xc2a4</load_address>
         <run_address>0xc2a4</run_address>
         <size>0x29d</size>
         <input_file_ref idref="fl-c8"/>
      </object_component>
      <object_component id="oc-1b">
         <name>.debug_info</name>
         <load_address>0xc541</load_address>
         <run_address>0xc541</run_address>
         <size>0x1df</size>
         <input_file_ref idref="fl-c8"/>
      </object_component>
      <object_component id="oc-3d">
         <name>.debug_info</name>
         <load_address>0xc720</load_address>
         <run_address>0xc720</run_address>
         <size>0x46</size>
         <input_file_ref idref="fl-c8"/>
      </object_component>
      <object_component id="oc-83">
         <name>.debug_info</name>
         <load_address>0xc766</load_address>
         <run_address>0xc766</run_address>
         <size>0x2c</size>
         <input_file_ref idref="fl-c8"/>
      </object_component>
      <object_component id="oc-81">
         <name>.debug_info</name>
         <load_address>0xc792</load_address>
         <run_address>0xc792</run_address>
         <size>0x293</size>
         <input_file_ref idref="fl-c9"/>
      </object_component>
      <object_component id="oc-17">
         <name>.debug_info</name>
         <load_address>0xca25</load_address>
         <run_address>0xca25</run_address>
         <size>0x245</size>
         <input_file_ref idref="fl-c9"/>
      </object_component>
      <object_component id="oc-2d">
         <name>.debug_info</name>
         <load_address>0xcc6a</load_address>
         <run_address>0xcc6a</run_address>
         <size>0x60</size>
         <input_file_ref idref="fl-c9"/>
      </object_component>
      <object_component id="oc-ca">
         <name>.debug_info</name>
         <load_address>0xccca</load_address>
         <run_address>0xccca</run_address>
         <size>0x46</size>
         <input_file_ref idref="fl-c9"/>
      </object_component>
      <object_component id="oc-7c">
         <name>.debug_info</name>
         <load_address>0xcd10</load_address>
         <run_address>0xcd10</run_address>
         <size>0x39</size>
         <input_file_ref idref="fl-c9"/>
      </object_component>
      <object_component id="oc-27">
         <name>.debug_info</name>
         <load_address>0xcd49</load_address>
         <run_address>0xcd49</run_address>
         <size>0x100</size>
         <input_file_ref idref="fl-ca"/>
      </object_component>
      <object_component id="oc-56">
         <name>.debug_info</name>
         <load_address>0xce49</load_address>
         <run_address>0xce49</run_address>
         <size>0x1a4</size>
         <input_file_ref idref="fl-ca"/>
      </object_component>
      <object_component id="oc-18a">
         <name>.debug_info</name>
         <load_address>0xcfed</load_address>
         <run_address>0xcfed</run_address>
         <size>0x3a2</size>
         <input_file_ref idref="fl-cb"/>
      </object_component>
      <object_component id="oc-187">
         <name>.debug_info</name>
         <load_address>0xd38f</load_address>
         <run_address>0xd38f</run_address>
         <size>0x185</size>
         <input_file_ref idref="fl-cb"/>
      </object_component>
      <object_component id="oc-fc">
         <name>.debug_info</name>
         <load_address>0xd514</load_address>
         <run_address>0xd514</run_address>
         <size>0x117</size>
         <input_file_ref idref="fl-cb"/>
      </object_component>
      <object_component id="oc-102">
         <name>.debug_info</name>
         <load_address>0xd62b</load_address>
         <run_address>0xd62b</run_address>
         <size>0x179</size>
         <input_file_ref idref="fl-cb"/>
      </object_component>
      <object_component id="oc-213">
         <name>.debug_info</name>
         <load_address>0xd7a4</load_address>
         <run_address>0xd7a4</run_address>
         <size>0x2be</size>
         <input_file_ref idref="fl-cc"/>
      </object_component>
      <object_component id="oc-158">
         <name>.debug_info</name>
         <load_address>0xda62</load_address>
         <run_address>0xda62</run_address>
         <size>0x113</size>
         <input_file_ref idref="fl-cc"/>
      </object_component>
      <object_component id="oc-20c">
         <name>.debug_info</name>
         <load_address>0xdb75</load_address>
         <run_address>0xdb75</run_address>
         <size>0x123</size>
         <input_file_ref idref="fl-cc"/>
      </object_component>
      <object_component id="oc-16a">
         <name>.debug_info</name>
         <load_address>0xdc98</load_address>
         <run_address>0xdc98</run_address>
         <size>0x3da</size>
         <input_file_ref idref="fl-ce"/>
      </object_component>
      <object_component id="oc-164">
         <name>.debug_info</name>
         <load_address>0xe072</load_address>
         <run_address>0xe072</run_address>
         <size>0x14c</size>
         <input_file_ref idref="fl-ce"/>
      </object_component>
      <object_component id="oc-15e">
         <name>.debug_info</name>
         <load_address>0xe1be</load_address>
         <run_address>0xe1be</run_address>
         <size>0x15b</size>
         <input_file_ref idref="fl-ce"/>
      </object_component>
      <object_component id="oc-e1">
         <name>.debug_info</name>
         <load_address>0xe319</load_address>
         <run_address>0xe319</run_address>
         <size>0x1a1</size>
         <input_file_ref idref="fl-ce"/>
      </object_component>
      <object_component id="oc-229">
         <name>.debug_info</name>
         <load_address>0xe4ba</load_address>
         <run_address>0xe4ba</run_address>
         <size>0xb2</size>
         <input_file_ref idref="fl-ce"/>
      </object_component>
      <object_component id="oc-22e">
         <name>.debug_info</name>
         <load_address>0xe56c</load_address>
         <run_address>0xe56c</run_address>
         <size>0x4e</size>
         <input_file_ref idref="fl-ce"/>
      </object_component>
      <object_component id="oc-16b">
         <name>.debug_info</name>
         <load_address>0xe5ba</load_address>
         <run_address>0xe5ba</run_address>
         <size>0x2c</size>
         <input_file_ref idref="fl-ce"/>
      </object_component>
      <object_component id="oc-92">
         <name>.debug_info</name>
         <load_address>0xe5e6</load_address>
         <run_address>0xe5e6</run_address>
         <size>0x13f</size>
         <input_file_ref idref="fl-cf"/>
      </object_component>
      <object_component id="oc-38">
         <name>.debug_info</name>
         <load_address>0xe725</load_address>
         <run_address>0xe725</run_address>
         <size>0x111</size>
         <input_file_ref idref="fl-d0"/>
      </object_component>
      <object_component id="oc-18d">
         <name>.debug_info</name>
         <load_address>0xe836</load_address>
         <run_address>0xe836</run_address>
         <size>0x547</size>
         <input_file_ref idref="fl-d1"/>
      </object_component>
      <object_component id="oc-106">
         <name>.debug_info</name>
         <load_address>0xed7d</load_address>
         <run_address>0xed7d</run_address>
         <size>0x19b</size>
         <input_file_ref idref="fl-d1"/>
      </object_component>
      <object_component id="oc-23c">
         <name>.debug_info</name>
         <load_address>0xef18</load_address>
         <run_address>0xef18</run_address>
         <size>0x39</size>
         <input_file_ref idref="fl-d1"/>
      </object_component>
      <object_component id="oc-2f0">
         <name>.debug_info</name>
         <load_address>0xef51</load_address>
         <run_address>0xef51</run_address>
         <size>0x39</size>
         <input_file_ref idref="fl-d1"/>
      </object_component>
      <object_component id="oc-241">
         <name>.debug_info</name>
         <load_address>0xef8a</load_address>
         <run_address>0xef8a</run_address>
         <size>0x39</size>
         <input_file_ref idref="fl-d1"/>
      </object_component>
      <object_component id="oc-246">
         <name>.debug_info</name>
         <load_address>0xefc3</load_address>
         <run_address>0xefc3</run_address>
         <size>0xcd</size>
         <input_file_ref idref="fl-d1"/>
      </object_component>
      <object_component id="oc-9b">
         <name>.debug_info</name>
         <load_address>0xf090</load_address>
         <run_address>0xf090</run_address>
         <size>0x148</size>
         <input_file_ref idref="fl-d2"/>
      </object_component>
      <object_component id="oc-200">
         <name>.debug_info</name>
         <load_address>0xf1d8</load_address>
         <run_address>0xf1d8</run_address>
         <size>0x8a6</size>
         <input_file_ref idref="fl-d4"/>
      </object_component>
      <object_component id="oc-1ce">
         <name>.debug_info</name>
         <load_address>0xfa7e</load_address>
         <run_address>0xfa7e</run_address>
         <size>0x213</size>
         <input_file_ref idref="fl-d4"/>
      </object_component>
      <object_component id="oc-286">
         <name>.debug_info</name>
         <load_address>0xfc91</load_address>
         <run_address>0xfc91</run_address>
         <size>0x1a8</size>
         <input_file_ref idref="fl-d4"/>
      </object_component>
      <object_component id="oc-28c">
         <name>.debug_info</name>
         <load_address>0xfe39</load_address>
         <run_address>0xfe39</run_address>
         <size>0x210</size>
         <input_file_ref idref="fl-d4"/>
      </object_component>
      <object_component id="oc-1d9">
         <name>.debug_info</name>
         <load_address>0x10049</load_address>
         <run_address>0x10049</run_address>
         <size>0x3b0</size>
         <input_file_ref idref="fl-d4"/>
      </object_component>
      <object_component id="oc-293">
         <name>.debug_info</name>
         <load_address>0x103f9</load_address>
         <run_address>0x103f9</run_address>
         <size>0x2fa</size>
         <input_file_ref idref="fl-d4"/>
      </object_component>
      <object_component id="oc-299">
         <name>.debug_info</name>
         <load_address>0x106f3</load_address>
         <run_address>0x106f3</run_address>
         <size>0x20a</size>
         <input_file_ref idref="fl-d4"/>
      </object_component>
      <object_component id="oc-1dc">
         <name>.debug_info</name>
         <load_address>0x108fd</load_address>
         <run_address>0x108fd</run_address>
         <size>0x20a</size>
         <input_file_ref idref="fl-d4"/>
      </object_component>
      <object_component id="oc-1e2">
         <name>.debug_info</name>
         <load_address>0x10b07</load_address>
         <run_address>0x10b07</run_address>
         <size>0x2f9</size>
         <input_file_ref idref="fl-d4"/>
      </object_component>
      <object_component id="oc-1e8">
         <name>.debug_info</name>
         <load_address>0x10e00</load_address>
         <run_address>0x10e00</run_address>
         <size>0x4a5</size>
         <input_file_ref idref="fl-d4"/>
      </object_component>
      <object_component id="oc-152">
         <name>.debug_info</name>
         <load_address>0x112a5</load_address>
         <run_address>0x112a5</run_address>
         <size>0x5cd</size>
         <input_file_ref idref="fl-d4"/>
      </object_component>
      <object_component id="oc-201">
         <name>.debug_info</name>
         <load_address>0x11872</load_address>
         <run_address>0x11872</run_address>
         <size>0x86</size>
         <input_file_ref idref="fl-d4"/>
      </object_component>
      <object_component id="oc-2c5">
         <name>.debug_info</name>
         <load_address>0x118f8</load_address>
         <run_address>0x118f8</run_address>
         <size>0x39</size>
         <input_file_ref idref="fl-d4"/>
      </object_component>
      <object_component id="oc-33a">
         <name>.debug_info</name>
         <load_address>0x11931</load_address>
         <run_address>0x11931</run_address>
         <size>0xb6</size>
         <input_file_ref idref="fl-d4"/>
      </object_component>
      <object_component id="oc-2ca">
         <name>.debug_info</name>
         <load_address>0x119e7</load_address>
         <run_address>0x119e7</run_address>
         <size>0x46</size>
         <input_file_ref idref="fl-d4"/>
      </object_component>
      <object_component id="oc-206">
         <name>.debug_info</name>
         <load_address>0x11a2d</load_address>
         <run_address>0x11a2d</run_address>
         <size>0x46</size>
         <input_file_ref idref="fl-d4"/>
      </object_component>
      <object_component id="oc-2c0">
         <name>.debug_info</name>
         <load_address>0x11a73</load_address>
         <run_address>0x11a73</run_address>
         <size>0x2c</size>
         <input_file_ref idref="fl-d4"/>
      </object_component>
      <object_component id="oc-256">
         <name>.debug_info</name>
         <load_address>0x11a9f</load_address>
         <run_address>0x11a9f</run_address>
         <size>0x2ae</size>
         <input_file_ref idref="fl-d5"/>
      </object_component>
      <object_component id="oc-1c7">
         <name>.debug_info</name>
         <load_address>0x11d4d</load_address>
         <run_address>0x11d4d</run_address>
         <size>0x171</size>
         <input_file_ref idref="fl-d5"/>
      </object_component>
      <object_component id="oc-307">
         <name>.debug_info</name>
         <load_address>0x11ebe</load_address>
         <run_address>0x11ebe</run_address>
         <size>0xee</size>
         <input_file_ref idref="fl-d6"/>
      </object_component>
      <object_component id="oc-253">
         <name>.debug_info</name>
         <load_address>0x11fac</load_address>
         <run_address>0x11fac</run_address>
         <size>0xfa</size>
         <input_file_ref idref="fl-d6"/>
      </object_component>
      <object_component id="oc-217">
         <name>.debug_info</name>
         <load_address>0x120a6</load_address>
         <run_address>0x120a6</run_address>
         <size>0x139</size>
         <input_file_ref idref="fl-d7"/>
      </object_component>
      <object_component id="oc-15b">
         <name>.debug_info</name>
         <load_address>0x121df</load_address>
         <run_address>0x121df</run_address>
         <size>0xf7</size>
         <input_file_ref idref="fl-d7"/>
      </object_component>
      <object_component id="oc-3c5">
         <name>.debug_info</name>
         <load_address>0x122d6</load_address>
         <run_address>0x122d6</run_address>
         <size>0x184</size>
         <input_file_ref idref="fl-d7"/>
      </object_component>
      <object_component id="oc-2ef">
         <name>.debug_info</name>
         <load_address>0x1245a</load_address>
         <run_address>0x1245a</run_address>
         <size>0x378</size>
         <input_file_ref idref="fl-d8"/>
      </object_component>
      <object_component id="oc-221">
         <name>.debug_info</name>
         <load_address>0x127d2</load_address>
         <run_address>0x127d2</run_address>
         <size>0x1df</size>
         <input_file_ref idref="fl-d8"/>
      </object_component>
      <object_component id="oc-2ed">
         <name>.debug_info</name>
         <load_address>0x129b1</load_address>
         <run_address>0x129b1</run_address>
         <size>0x3f1</size>
         <input_file_ref idref="fl-d9"/>
      </object_component>
      <object_component id="oc-21a">
         <name>.debug_info</name>
         <load_address>0x12da2</load_address>
         <run_address>0x12da2</run_address>
         <size>0x2d7</size>
         <input_file_ref idref="fl-d9"/>
      </object_component>
      <object_component id="oc-315">
         <name>.debug_info</name>
         <load_address>0x13079</load_address>
         <run_address>0x13079</run_address>
         <size>0x290</size>
         <input_file_ref idref="fl-da"/>
      </object_component>
      <object_component id="oc-275">
         <name>.debug_info</name>
         <load_address>0x13309</load_address>
         <run_address>0x13309</run_address>
         <size>0x1c2</size>
         <input_file_ref idref="fl-da"/>
      </object_component>
      <object_component id="oc-2b1">
         <name>.debug_info</name>
         <load_address>0x134cb</load_address>
         <run_address>0x134cb</run_address>
         <size>0x28b</size>
         <input_file_ref idref="fl-db"/>
      </object_component>
      <object_component id="oc-1ee">
         <name>.debug_info</name>
         <load_address>0x13756</load_address>
         <run_address>0x13756</run_address>
         <size>0x1ab</size>
         <input_file_ref idref="fl-db"/>
      </object_component>
      <object_component id="oc-34e">
         <name>.debug_info</name>
         <load_address>0x13901</load_address>
         <run_address>0x13901</run_address>
         <size>0x29a</size>
         <input_file_ref idref="fl-dc"/>
      </object_component>
      <object_component id="oc-2dd">
         <name>.debug_info</name>
         <load_address>0x13b9b</load_address>
         <run_address>0x13b9b</run_address>
         <size>0x242</size>
         <input_file_ref idref="fl-dc"/>
      </object_component>
      <object_component id="oc-32c">
         <name>.debug_info</name>
         <load_address>0x13ddd</load_address>
         <run_address>0x13ddd</run_address>
         <size>0x28f</size>
         <input_file_ref idref="fl-dd"/>
      </object_component>
      <object_component id="oc-2ab">
         <name>.debug_info</name>
         <load_address>0x1406c</load_address>
         <run_address>0x1406c</run_address>
         <size>0x247</size>
         <input_file_ref idref="fl-dd"/>
      </object_component>
      <object_component id="oc-251">
         <name>.debug_info</name>
         <load_address>0x142b3</load_address>
         <run_address>0x142b3</run_address>
         <size>0x284</size>
         <input_file_ref idref="fl-de"/>
      </object_component>
      <object_component id="oc-1bf">
         <name>.debug_info</name>
         <load_address>0x14537</load_address>
         <run_address>0x14537</run_address>
         <size>0x22a</size>
         <input_file_ref idref="fl-de"/>
      </object_component>
      <object_component id="oc-355">
         <name>.debug_info</name>
         <load_address>0x14761</load_address>
         <run_address>0x14761</run_address>
         <size>0x4c5</size>
         <input_file_ref idref="fl-df"/>
      </object_component>
      <object_component id="oc-393">
         <name>.debug_info</name>
         <load_address>0x14c26</load_address>
         <run_address>0x14c26</run_address>
         <size>0xf8</size>
         <input_file_ref idref="fl-df"/>
      </object_component>
      <object_component id="oc-352">
         <name>.debug_info</name>
         <load_address>0x14d1e</load_address>
         <run_address>0x14d1e</run_address>
         <size>0xf8</size>
         <input_file_ref idref="fl-df"/>
      </object_component>
      <object_component id="oc-2e8">
         <name>.debug_info</name>
         <load_address>0x14e16</load_address>
         <run_address>0x14e16</run_address>
         <size>0x184</size>
         <input_file_ref idref="fl-df"/>
      </object_component>
      <object_component id="oc-399">
         <name>.debug_info</name>
         <load_address>0x14f9a</load_address>
         <run_address>0x14f9a</run_address>
         <size>0x120</size>
         <input_file_ref idref="fl-df"/>
      </object_component>
      <object_component id="oc-39e">
         <name>.debug_info</name>
         <load_address>0x150ba</load_address>
         <run_address>0x150ba</run_address>
         <size>0x2c</size>
         <input_file_ref idref="fl-df"/>
      </object_component>
      <object_component id="oc-31d">
         <name>.debug_info</name>
         <load_address>0x150e6</load_address>
         <run_address>0x150e6</run_address>
         <size>0x28f</size>
         <input_file_ref idref="fl-e0"/>
      </object_component>
      <object_component id="oc-29e">
         <name>.debug_info</name>
         <load_address>0x15375</load_address>
         <run_address>0x15375</run_address>
         <size>0x18a</size>
         <input_file_ref idref="fl-e0"/>
      </object_component>
      <object_component id="oc-361">
         <name>.debug_info</name>
         <load_address>0x154ff</load_address>
         <run_address>0x154ff</run_address>
         <size>0x39</size>
         <input_file_ref idref="fl-e0"/>
      </object_component>
      <object_component id="oc-31e">
         <name>.debug_info</name>
         <load_address>0x15538</load_address>
         <run_address>0x15538</run_address>
         <size>0x2c</size>
         <input_file_ref idref="fl-e0"/>
      </object_component>
      <object_component id="oc-32a">
         <name>.debug_info</name>
         <load_address>0x15564</load_address>
         <run_address>0x15564</run_address>
         <size>0x2f2</size>
         <input_file_ref idref="fl-e1"/>
      </object_component>
      <object_component id="oc-2a4">
         <name>.debug_info</name>
         <load_address>0x15856</load_address>
         <run_address>0x15856</run_address>
         <size>0x21a</size>
         <input_file_ref idref="fl-e1"/>
      </object_component>
      <object_component id="oc-324">
         <name>.debug_info</name>
         <load_address>0x15a70</load_address>
         <run_address>0x15a70</run_address>
         <size>0x156</size>
         <input_file_ref idref="fl-e2"/>
      </object_component>
      <object_component id="oc-2b8">
         <name>.debug_info</name>
         <load_address>0x15bc6</load_address>
         <run_address>0x15bc6</run_address>
         <size>0x284</size>
         <input_file_ref idref="fl-e3"/>
      </object_component>
      <object_component id="oc-1f4">
         <name>.debug_info</name>
         <load_address>0x15e4a</load_address>
         <run_address>0x15e4a</run_address>
         <size>0x14f</size>
         <input_file_ref idref="fl-e3"/>
      </object_component>
      <object_component id="oc-32f">
         <name>.debug_info</name>
         <load_address>0x15f99</load_address>
         <run_address>0x15f99</run_address>
         <size>0x46</size>
         <input_file_ref idref="fl-e3"/>
      </object_component>
      <object_component id="oc-2b3">
         <name>.debug_info</name>
         <load_address>0x15fdf</load_address>
         <run_address>0x15fdf</run_address>
         <size>0x39</size>
         <input_file_ref idref="fl-e3"/>
      </object_component>
      <object_component id="oc-27e">
         <name>.debug_info</name>
         <load_address>0x16018</load_address>
         <run_address>0x16018</run_address>
         <size>0x144</size>
         <input_file_ref idref="fl-e4"/>
      </object_component>
      <object_component id="oc-1d2">
         <name>.debug_info</name>
         <load_address>0x1615c</load_address>
         <run_address>0x1615c</run_address>
         <size>0x120</size>
         <input_file_ref idref="fl-e5"/>
      </object_component>
      <object_component id="oc-26b">
         <name>.debug_info</name>
         <load_address>0x1627c</load_address>
         <run_address>0x1627c</run_address>
         <size>0x122</size>
         <input_file_ref idref="fl-e5"/>
      </object_component>
      <object_component id="oc-265">
         <name>.debug_info</name>
         <load_address>0x1639e</load_address>
         <run_address>0x1639e</run_address>
         <size>0x132</size>
         <input_file_ref idref="fl-e6"/>
      </object_component>
      <object_component id="oc-25f">
         <name>.debug_info</name>
         <load_address>0x164d0</load_address>
         <run_address>0x164d0</run_address>
         <size>0x132</size>
         <input_file_ref idref="fl-e7"/>
      </object_component>
      <object_component id="oc-270">
         <name>.debug_info</name>
         <load_address>0x16602</load_address>
         <run_address>0x16602</run_address>
         <size>0x126</size>
         <input_file_ref idref="fl-e8"/>
      </object_component>
      <object_component id="oc-279">
         <name>.debug_info</name>
         <load_address>0x16728</load_address>
         <run_address>0x16728</run_address>
         <size>0x124</size>
         <input_file_ref idref="fl-e9"/>
      </object_component>
      <object_component id="oc-25a">
         <name>.debug_info</name>
         <load_address>0x1684c</load_address>
         <run_address>0x1684c</run_address>
         <size>0x12c</size>
         <input_file_ref idref="fl-ea"/>
      </object_component>
      <object_component id="oc-2bd">
         <name>.debug_info</name>
         <load_address>0x16978</load_address>
         <run_address>0x16978</run_address>
         <size>0x27e</size>
         <input_file_ref idref="fl-eb"/>
      </object_component>
      <object_component id="oc-2ba">
         <name>.debug_info</name>
         <load_address>0x16bf6</load_address>
         <run_address>0x16bf6</run_address>
         <size>0x103</size>
         <input_file_ref idref="fl-eb"/>
      </object_component>
      <object_component id="oc-1fd">
         <name>.debug_info</name>
         <load_address>0x16cf9</load_address>
         <run_address>0x16cf9</run_address>
         <size>0x143</size>
         <input_file_ref idref="fl-eb"/>
      </object_component>
      <object_component id="oc-34c">
         <name>.debug_info</name>
         <load_address>0x16e3c</load_address>
         <run_address>0x16e3c</run_address>
         <size>0x2f5</size>
         <input_file_ref idref="fl-ec"/>
      </object_component>
      <object_component id="oc-2d5">
         <name>.debug_info</name>
         <load_address>0x17131</load_address>
         <run_address>0x17131</run_address>
         <size>0x191</size>
[...]
      </symbol>
      <symbol id="sm-1b0">
         <name>_nop</name>
         <value>0x113b</value>
         <object_component_ref idref="oc-20b"/>
      </symbol>
      <symbol id="sm-1b1">
         <name>_lock</name>
         <value>0x200009e0</value>
         <object_component_ref idref="oc-157"/>
      </symbol>
      <symbol id="sm-1b2">
         <name>_unlock</name>
         <value>0x200009e4</value>
         <object_component_ref idref="oc-157"/>
      </symbol>
      <symbol id="sm-1e9">
         <name>printf</name>
         <value>0x20a9</value>
         <object_component_ref idref="oc-e0"/>
      </symbol>
      <symbol id="sm-1f8">
         <name>__aeabi_memset</name>
         <value>0x1d23</value>
         <object_component_ref idref="oc-91"/>
      </symbol>
      <symbol id="sm-1f9">
         <name>memset</name>
         <value>0x1d29</value>
         <object_component_ref idref="oc-91"/>
      </symbol>
      <symbol id="sm-1fa">
         <name>__aeabi_memset8</name>
         <value>0x1d23</value>
         <object_component_ref idref="oc-91"/>
      </symbol>
      <symbol id="sm-1fb">
         <name>__aeabi_memset4</name>
         <value>0x1d23</value>
         <object_component_ref idref="oc-91"/>
      </symbol>
      <symbol id="sm-1fc">
         <name>__aeabi_memclr8</name>
         <value>0x1d21</value>
         <object_component_ref idref="oc-91"/>
      </symbol>
      <symbol id="sm-1fd">
         <name>__aeabi_memclr4</name>
         <value>0x1d21</value>
         <object_component_ref idref="oc-91"/>
      </symbol>
      <symbol id="sm-1fe">
         <name>__aeabi_memclr</name>
         <value>0x1d21</value>
         <object_component_ref idref="oc-91"/>
      </symbol>
      <symbol id="sm-219">
         <name>memcpy</name>
         <value>0x1a57</value>
         <object_component_ref idref="oc-37"/>
      </symbol>
      <symbol id="sm-21a">
         <name>__aeabi_memcpy</name>
         <value>0x1a57</value>
         <object_component_ref idref="oc-37"/>
      </symbol>
      <symbol id="sm-21b">
         <name>__aeabi_memcpy8</name>
         <value>0x1a57</value>
         <object_component_ref idref="oc-37"/>
      </symbol>
      <symbol id="sm-21c">
         <name>__aeabi_memcpy4</name>
         <value>0x1a57</value>
         <object_component_ref idref="oc-37"/>
      </symbol>
      <symbol id="sm-244">
         <name>__TI_auto_init_nobinit_nopinit</name>
         <value>0x26ad</value>
         <object_component_ref idref="oc-105"/>
      </symbol>
      <symbol id="sm-24e">
         <name>_system_pre_init</name>
         <value>0x2c39</value>
         <object_component_ref idref="oc-97"/>
      </symbol>
      <symbol id="sm-3b9">
         <name>__TI_printfi</name>
         <value>0xe5</value>
         <object_component_ref idref="oc-151"/>
      </symbol>
      <symbol id="sm-3cf">
         <name>atoi</name>
         <value>0x2549</value>
         <object_component_ref idref="oc-1c4"/>
      </symbol>
      <symbol id="sm-3da">
         <name>_ctypes_</name>
         <value>0x2c40</value>
         <object_component_ref idref="oc-252"/>
      </symbol>
      <symbol id="sm-3ef">
         <name>__TI_tmpnams</name>
         <value>0x20000b0c</value>
      </symbol>
      <symbol id="sm-3f0">
         <name>__aeabi_stdout</name>
         <value>0x200009c0</value>
         <object_component_ref idref="oc-3c4"/>
      </symbol>
      <symbol id="sm-3f1">
         <name>__aeabi_stderr</name>
         <value>0x200009c4</value>
         <object_component_ref idref="oc-3c4"/>
      </symbol>
      <symbol id="sm-3f2">
         <name>__aeabi_stdin</name>
         <value>0x200009bc</value>
         <object_component_ref idref="oc-3c4"/>
      </symbol>
      <symbol id="sm-3f3">
         <name>_ftable</name>
         <value>0x20000800</value>
         <object_component_ref idref="oc-15a"/>
      </symbol>
      <symbol id="sm-3f4">
         <name>__TI_ft_end</name>
         <value>0x200009b8</value>
         <object_component_ref idref="oc-3c4"/>
      </symbol>
      <symbol id="sm-409">
         <name>putc</name>
         <value>0x1b89</value>
         <object_component_ref idref="oc-220"/>
      </symbol>
      <symbol id="sm-40a">
         <name>fputc</name>
         <value>0x1b89</value>
         <object_component_ref idref="oc-220"/>
      </symbol>
      <symbol id="sm-428">
         <name>fputs</name>
         <value>0x14d1</value>
         <object_component_ref idref="oc-219"/>
      </symbol>
      <symbol id="sm-437">
         <name>ltoa</name>
         <value>0x2457</value>
         <object_component_ref idref="oc-272"/>
      </symbol>
      <symbol id="sm-447">
         <name>memccpy</name>
         <value>0x2b29</value>
         <object_component_ref idref="oc-1ed"/>
      </symbol>
      <symbol id="sm-457">
         <name>memchr</name>
         <value>0x2b09</value>
         <object_component_ref idref="oc-2da"/>
      </symbol>
      <symbol id="sm-467">
         <name>strchr</name>
         <value>0x2b75</value>
         <object_component_ref idref="oc-2a9"/>
      </symbol>
      <symbol id="sm-475">
         <name>strlen</name>
         <value>0x2bb3</value>
         <object_component_ref idref="oc-1be"/>
      </symbol>
      <symbol id="sm-49b">
         <name>_stream</name>
         <value>0x20000968</value>
         <object_component_ref idref="oc-351"/>
      </symbol>
      <symbol id="sm-49c">
         <name>_device</name>
         <value>0x200008f0</value>
         <object_component_ref idref="oc-392"/>
      </symbol>
      <symbol id="sm-49d">
         <name>write</name>
         <value>0x2abd</value>
         <object_component_ref idref="oc-2e6"/>
      </symbol>
      <symbol id="sm-4bd">
         <name>frexpl</name>
         <value>0x2111</value>
         <object_component_ref idref="oc-29d"/>
      </symbol>
      <symbol id="sm-4be">
         <name>frexp</name>
         <value>0x2111</value>
         <object_component_ref idref="oc-29d"/>
      </symbol>
      <symbol id="sm-4db">
         <name>scalbn</name>
         <value>0x15e5</value>
         <object_component_ref idref="oc-2a3"/>
      </symbol>
      <symbol id="sm-4dc">
         <name>scalbnl</name>
         <value>0x15e5</value>
         <object_component_ref idref="oc-2a3"/>
      </symbol>
      <symbol id="sm-4dd">
         <name>ldexpl</name>
         <value>0x15e5</value>
         <object_component_ref idref="oc-2a3"/>
      </symbol>
      <symbol id="sm-4de">
         <name>ldexp</name>
         <value>0x15e5</value>
         <object_component_ref idref="oc-2a3"/>
      </symbol>
      <symbol id="sm-4e8">
         <name>copysign</name>
         <value>0x2b8b</value>
         <object_component_ref idref="oc-323"/>
      </symbol>
      <symbol id="sm-4e9">
         <name>copysignl</name>
         <value>0x2b8b</value>
         <object_component_ref idref="oc-323"/>
      </symbol>
      <symbol id="sm-502">
         <name>wcslen</name>
         <value>0x2bd9</value>
         <object_component_ref idref="oc-1f3"/>
      </symbol>
      <symbol id="sm-519">
         <name>__aeabi_dsub</name>
         <value>0xf85</value>
         <object_component_ref idref="oc-27d"/>
      </symbol>
      <symbol id="sm-51a">
         <name>__aeabi_dadd</name>
         <value>0xf8f</value>
         <object_component_ref idref="oc-27d"/>
      </symbol>
      <symbol id="sm-53c">
         <name>__aeabi_cdcmpeq</name>
         <value>0x1c15</value>
         <object_component_ref idref="oc-1d0"/>
      </symbol>
      <symbol id="sm-53d">
         <name>__aeabi_cdcmple</name>
         <value>0x1c15</value>
         <object_component_ref idref="oc-1d0"/>
      </symbol>
      <symbol id="sm-53e">
         <name>__aeabi_cdrcmple</name>
         <value>0x1c9b</value>
         <object_component_ref idref="oc-268"/>
      </symbol>
      <symbol id="sm-552">
         <name>__aeabi_ddiv</name>
         <value>0x1279</value>
         <object_component_ref idref="oc-263"/>
      </symbol>
      <symbol id="sm-55d">
         <name>__aeabi_dmul</name>
         <value>0x16f5</value>
         <object_component_ref idref="oc-25e"/>
      </symbol>
      <symbol id="sm-567">
         <name>__aeabi_d2iz</name>
         <value>0x25dd</value>
         <object_component_ref idref="oc-26d"/>
      </symbol>
      <symbol id="sm-571">
         <name>__aeabi_i2d</name>
         <value>0x2999</value>
         <object_component_ref idref="oc-278"/>
      </symbol>
      <symbol id="sm-57e">
         <name>__aeabi_uldivmod</name>
         <value>0x1af3</value>
         <object_component_ref idref="oc-257"/>
      </symbol>
      <symbol id="sm-594">
         <name>__aeabi_errno_addr</name>
         <value>0x2c29</value>
         <object_component_ref idref="oc-1f9"/>
      </symbol>
      <symbol id="sm-595">
         <name>errno</name>
         <value>0x200009e8</value>
         <object_component_ref idref="oc-2b9"/>
      </symbol>
      <symbol id="sm-5ad">
         <name>__TI_wrt_ok</name>
         <value>0x21d9</value>
         <object_component_ref idref="oc-2d4"/>
      </symbol>
      <symbol id="sm-5bd">
         <name>__TI_doflush</name>
         <value>0x24fd</value>
         <object_component_ref idref="oc-2e0"/>
      </symbol>
      <symbol id="sm-5cf">
         <name>fseek</name>
         <value>0x2175</value>
         <object_component_ref idref="oc-33f"/>
      </symbol>
      <symbol id="sm-5df">
         <name>lseek</name>
         <value>0x2a45</value>
         <object_component_ref idref="oc-36b"/>
      </symbol>
      <symbol id="sm-5fb">
         <name>setvbuf</name>
         <value>0x17f1</value>
         <object_component_ref idref="oc-345"/>
      </symbol>
      <symbol id="sm-60c">
         <name>HOSTclose</name>
         <value>0x2625</value>
         <object_component_ref idref="oc-3d0"/>
      </symbol>
      <symbol id="sm-61d">
         <name>HOSTlseek</name>
         <value>0x1f71</value>
         <object_component_ref idref="oc-3e2"/>
      </symbol>
      <symbol id="sm-62f">
         <name>parmbuf</name>
         <value>0x20000bac</value>
      </symbol>
      <symbol id="sm-630">
         <name>HOSTopen</name>
         <value>0x223d</value>
         <object_component_ref idref="oc-3ca"/>
      </symbol>
      <symbol id="sm-641">
         <name>HOSTread</name>
         <value>0x2351</value>
         <object_component_ref idref="oc-3d6"/>
      </symbol>
      <symbol id="sm-652">
         <name>HOSTrename</name>
         <value>0x1fd9</value>
         <object_component_ref idref="oc-3ee"/>
      </symbol>
      <symbol id="sm-663">
         <name>HOSTunlink</name>
         <value>0x2669</value>
         <object_component_ref idref="oc-3e8"/>
      </symbol>
      <symbol id="sm-674">
         <name>HOSTwrite</name>
         <value>0x23a9</value>
         <object_component_ref idref="oc-3dc"/>
      </symbol>
      <symbol id="sm-698">
         <name>__TI_readmsg</name>
         <value>0x2905</value>
         <object_component_ref idref="oc-414"/>
      </symbol>
      <symbol id="sm-699">
         <name>C$$IO$$</name>
         <value>0x281f</value>
         <object_component_ref idref="oc-40e"/>
      </symbol>
      <symbol id="sm-69a">
         <name>__CIOBUF_</name>
         <value>0x200009ec</value>
         <object_component_ref idref="oc-43c"/>
      </symbol>
      <symbol id="sm-69b">
         <name>__TI_writemsg</name>
         <value>0x27f1</value>
         <object_component_ref idref="oc-40e"/>
      </symbol>
      <symbol id="sm-6a5">
         <name>__aeabi_idiv0</name>
         <value>0x13af</value>
         <object_component_ref idref="oc-30a"/>
      </symbol>
      <symbol id="sm-6a6">
         <name>__aeabi_ldiv0</name>
         <value>0x13af</value>
         <object_component_ref idref="oc-30a"/>
      </symbol>
      <symbol id="sm-721">
         <name>_sys_memory</name>
         <value>0x20000000</value>
         <object_component_ref idref="oc-29"/>
      </symbol>
      <symbol id="sm-722">
         <name>free</name>
         <value>0x18cd</value>
         <object_component_ref idref="oc-373"/>
      </symbol>
      <symbol id="sm-723">
         <name>malloc</name>
         <value>0x1e15</value>
         <object_component_ref idref="oc-379"/>
      </symbol>
      <symbol id="sm-724">
         <name>minit</name>
         <value>0x2861</value>
         <object_component_ref idref="oc-3a7"/>
      </symbol>
      <symbol id="sm-734">
         <name>__TI_cleanup</name>
         <value>0x28d1</value>
         <object_component_ref idref="oc-37f"/>
      </symbol>
      <symbol id="sm-743">
         <name>strcpy</name>
         <value>0x2b9f</value>
         <object_component_ref idref="oc-428"/>
      </symbol>
      <symbol id="sm-758">
         <name>__TI_closefile</name>
         <value>0x1e8d</value>
         <object_component_ref idref="oc-3be"/>
      </symbol>
      <symbol id="sm-77b">
         <name>finddevice</name>
         <value>0x2969</value>
         <object_component_ref idref="oc-45a"/>
      </symbol>
      <symbol id="sm-77c">
         <name>getdevice</name>
         <value>0x26f1</value>
         <object_component_ref idref="oc-432"/>
      </symbol>
      <symbol id="sm-78c">
         <name>strcmp</name>
         <value>0x2b5d</value>
         <object_component_ref idref="oc-471"/>
      </symbol>
      <symbol id="sm-79c">
         <name>strncpy</name>
         <value>0x2899</value>
         <object_component_ref idref="oc-454"/>
      </symbol>
      <symbol id="sm-7ac">
         <name>unlink</name>
         <value>0x29c9</value>
         <object_component_ref idref="oc-403"/>
      </symbol>
      <symbol id="sm-7c0">
         <name>close</name>
         <value>0x229d</value>
         <object_component_ref idref="oc-3fd"/>
      </symbol>
      <symbol id="sm-7c1">
         <name>__TI_static_base__</name>
         <value>0x0</value>
      </symbol>
      <symbol id="sm-7c4">
         <name>__mpu_init</name>
         <value>0x0</value>
      </symbol>
      <symbol id="sm-7c5">
         <name>_system_post_cinit</name>
         <value>0x0</value>
      </symbol>
      <symbol id="sm-7c6">
         <name>NMI_Handler</name>
         <value>0xb43</value>
      </symbol>
      <symbol id="sm-7c7">
         <name>HardFault_Handler</name>
         <value>0xb43</value>
      </symbol>
      <symbol id="sm-7c8">
         <name>MemManage_Handler</name>
         <value>0xb43</value>
      </symbol>
      <symbol id="sm-7c9">
         <name>BusFault_Handler</name>
         <value>0xb43</value>
      </symbol>
      <symbol id="sm-7ca">
         <name>UsageFault_Handler</name>
         <value>0xb43</value>
      </symbol>
      <symbol id="sm-7cb">
         <name>SVC_Handler</name>
         <value>0xb43</value>
      </symbol>
      <symbol id="sm-7cc">
         <name>DebugMon_Handler</name>
         <value>0xb43</value>
      </symbol>
      <symbol id="sm-7cd">
         <name>PendSV_Handler</name>
         <value>0xb43</value>
      </symbol>
      <symbol id="sm-7ce">
         <name>SysTick_Handler</name>
         <value>0xb43</value>
      </symbol>
      <symbol id="sm-7cf">
         <name>PSS_IRQHandler</name>
         <value>0xb43</value>
      </symbol>
      <symbol id="sm-7d0">
         <name>CS_IRQHandler</name>
         <value>0xb43</value>
      </symbol>
      <symbol id="sm-7d1">
         <name>PCM_IRQHandler</name>
         <value>0xb43</value>
      </symbol>
      <symbol id="sm-7d2">
         <name>WDT_A_IRQHandler</name>
         <value>0xb43</value>
      </symbol>
      <symbol id="sm-7d3">
         <name>FPU_IRQHandler</name>
         <value>0xb43</value>
      </symbol>
      <symbol id="sm-7d4">
         <name>FLCTL_IRQHandler</name>
         <value>0xb43</value>
      </symbol>
      <symbol id="sm-7d5">
         <name>COMP_E0_IRQHandler</name>
         <value>0xb43</value>
      </symbol>
      <symbol id="sm-7d6">
         <name>COMP_E1_IRQHandler</name>
         <value>0xb43</value>
      </symbol>
      <symbol id="sm-7d7">
         <name>TA0_0_IRQHandler</name>
         <value>0xb43</value>
      </symbol>
      <symbol id="sm-7d8">
         <name>TA0_N_IRQHandler</name>
         <value>0xb43</value>
      </symbol>
      <symbol id="sm-7d9">
         <name>TA1_0_IRQHandler</name>
         <value>0xb43</value>
      </symbol>
      <symbol id="sm-7da">
         <name>TA1_N_IRQHandler</name>
         <value>0xb43</value>
      </symbol>
      <symbol id="sm-7db">
         <name>TA2_0_IRQHandler</name>
         <value>0xb43</value>
      </symbol>
      <symbol id="sm-7dc">
         <name>TA2_N_IRQHandler</name>
         <value>0xb43</value>
      </symbol>
      <symbol id="sm-7dd">
         <name>TA3_0_IRQHandler</name>
         <value>0xb43</value>
      </symbol>
      <symbol id="sm-7de">
         <name>TA3_N_IRQHandler</name>
         <value>0xb43</value>
      </symbol>
      <symbol id="sm-7df">
         <name>EUSCIA0_IRQHandler</name>
         <value>0xb43</value>
      </symbol>
      <symbol id="sm-7e0">
         <name>EUSCIA1_IRQHandler</name>
         <value>0xb43</value>
      </symbol>
      <symbol id="sm-7e1">
         <name>EUSCIA2_IRQHandler</name>
         <value>0xb43</value>
      </symbol>
      <symbol id="sm-7e2">
         <name>EUSCIA3_IRQHandler</name>
         <value>0xb43</value>
      </symbol>
      <symbol id="sm-7e3">
         <name>EUSCIB0_IRQHandler</name>
         <value>0xb43</value>
      </symbol>
      <symbol id="sm-7e4">
         <name>EUSCIB1_IRQHandler</name>
         <value>0xb43</value>
      </symbol>
      <symbol id="sm-7e5">
         <name>EUSCIB2_IRQHandler</name>
         <value>0xb43</value>
      </symbol>
      <symbol id="sm-7e6">
         <name>EUSCIB3_IRQHandler</name>
         <value>0xb43</value>
      </symbol>
      <symbol id="sm-7e7">
         <name>ADC14_IRQHandler</name>
         <value>0xb43</value>
      </symbol>
      <symbol id="sm-7e8">
         <name>T32_INT1_IRQHandler</name>
         <value>0xb43</value>
      </symbol>
      <symbol id="sm-7e9">
         <name>T32_INT2_IRQHandler</name>
         <value>0xb43</value>
      </symbol>
      <symbol id="sm-7ea">
         <name>T32_INTC_IRQHandler</name>
         <value>0xb43</value>
      </symbol>
      <symbol id="sm-7eb">
         <name>AES256_IRQHandler</name>
         <value>0xb43</value>
      </symbol>
      <symbol id="sm-7ec">
         <name>RTC_C_IRQHandler</name>
         <value>0xb43</value>
      </symbol>
      <symbol id="sm-7ed">
         <name>DMA_ERR_IRQHandler</name>
         <value>0xb43</value>
      </symbol>
      <symbol id="sm-7ee">
         <name>DMA_INT3_IRQHandler</name>
         <value>0xb43</value>
      </symbol>
      <symbol id="sm-7ef">
         <name>DMA_INT2_IRQHandler</name>
         <value>0xb43</value>
      </symbol>
      <symbol id="sm-7f0">
         <name>DMA_INT1_IRQHandler</name>
         <value>0xb43</value>
      </symbol>
      <symbol id="sm-7f1">
         <name>DMA_INT0_IRQHandler</name>
         <value>0xb43</value>
      </symbol>
      <symbol id="sm-7f2">
         <name>PORT1_IRQHandler</name>
         <value>0xb43</value>
      </symbol>
      <symbol id="sm-7f3">
         <name>PORT2_IRQHandler</name>
         <value>0xb43</value>
      </symbol>
      <symbol id="sm-7f4">
         <name>PORT3_IRQHandler</name>
         <value>0xb43</value>
      </symbol>
      <symbol id="sm-7f5">
         <name>PORT4_IRQHandler</name>
         <value>0xb43</value>
      </symbol>
      <symbol id="sm-7f6">
         <name>PORT5_IRQHandler</name>
         <value>0xb43</value>
      </symbol>
      <symbol id="sm-7f7">
         <name>PORT6_IRQHandler</name>
         <value>0xb43</value>
      </symbol>
      <symbol id="sm-7f8">
         <name>remove</name>
         <value>0x29c9</value>
      </symbol>
   </symbol_table>
   <title>Link successful</title>
</link_info>
