******************************************************************************
                  TI ARM Linker PC v18.1.2                     
******************************************************************************
>> Linked Wed Sep 19 21:59:07 2018

OUTPUT FILE NAME:   <push-button-fsm.out>
ENTRY POINT SYMBOL: "_c_int00_noargs"  address: 0000039d


MEMORY CONFIGURATION

         name            origin    length      used     unused   attr    fill
----------------------  --------  ---------  --------  --------  ----  --------
  MAIN                  00000000   00040000  0000053e  0003fac2  R  X
  INFO                  00200000   00004000  00000000  00004000  R  X
  SRAM_CODE             01000000   00010000  00000202  0000fdfe  RW X
  SRAM_DATA             20000000   00010000  00000202  0000fdfe  RW  


SEGMENT ALLOCATION MAP

run origin  load origin   length   init length attrs members
----------  ----------- ---------- ----------- ----- -------
00000000    00000000    00000540   00000540    r-x
  00000000    00000000    000000e4   000000e4    r-- .intvecs
  000000e4    000000e4    00000412   00000412    r-x .text
  000004f8    000004f8    00000030   00000030    r-- .const
  00000528    00000528    00000018   00000018    r-- .cinit
20000000    20000000    00000002   00000000    rw-
  20000000    20000000    00000002   00000000    rw- .data
2000fe00    2000fe00    00000200   00000000    rw-
  2000fe00    2000fe00    00000200   00000000    rw- .stack


SECTION ALLOCATION MAP

 output                                  attributes/
section   page    origin      length       input sections
--------  ----  ----------  ----------   ----------------
.intvecs   0    00000000    000000e4     
                  00000000    000000e4     startup_msp432p401r_ccs.obj (.intvecs:retain)

.text      0    000000e4    00000412     
                  000000e4    0000009c     rtsv7M4_T_le_v4SPD16_eabi.lib : memcpy_t2.asm.obj (.text)
                  00000180    00000078     system_msp432p401r.obj (.text:SystemInit)
                  000001f8    00000068     rtsv7M4_T_le_v4SPD16_eabi.lib : copy_decompress_lzss.c.obj (.text:decompress:lzss:__TI_decompress_lzss)
                  00000260    00000060     push_button_fsm_main.obj (.text:Launchpad_Button1_pushed_verbose)
                  000002c0    00000058     msp432p4xx_driverlib.lib : gpio.o (.text:GPIO_setAsInputPinWithPullUpResistor)
                  00000318    00000044     rtsv7M4_T_le_v4SPD16_eabi.lib : autoinit.c.obj (.text:__TI_auto_init_nobinit_nopinit:__TI_auto_init_nobinit_nopinit)
                  0000035c    00000040     msp432p4xx_driverlib.lib : gpio.o (.text:GPIO_setAsOutputPin)
                  0000039c    00000038     rtsv7M4_T_le_v4SPD16_eabi.lib : boot_cortex_m.c.obj (.text:_c_int00_noargs:_c_int00_noargs)
                  000003d4    00000030     msp432p4xx_driverlib.lib : gpio.o (.text:GPIO_getInputPinValue)
                  00000404    00000028                              : gpio.o (.text:GPIO_setOutputLowOnPin)
                  0000042c    00000028                              : gpio.o (.text:GPIO_toggleOutputOnPin)
                  00000454    00000024                              : wdt_a.o (.text:WDT_A_holdTimer)
                  00000478    00000020     push_button_fsm_main.obj (.text:initialize)
                  00000498    0000001a     push_button_fsm_main.obj (.text:Launchpad_Button1_pressed)
                  000004b2    00000014     push_button_fsm_main.obj (.text:main)
                  000004c6    0000000e     rtsv7M4_T_le_v4SPD16_eabi.lib : copy_decompress_none.c.obj (.text:decompress:none:__TI_decompress_none)
                  000004d4    0000000c     startup_msp432p401r_ccs.obj (.text:Reset_Handler)
                  000004e0    0000000c     push_button_fsm_main.obj (.text:Toggle_Launchpad_LED1)
                  000004ec    00000004     rtsv7M4_T_le_v4SPD16_eabi.lib : pre_init.c.obj (.text:_system_pre_init)
                  000004f0    00000004                                   : exit.c.obj (.text:abort:abort)
                  000004f4    00000002     startup_msp432p401r_ccs.obj (.text:Default_Handler)

.const     0    000004f8    00000030     
                  000004f8    00000030     msp432p4xx_driverlib.lib : gpio.o (.const:GPIO_PORT_TO_BASE)

.cinit     0    00000528    00000018     
                  00000528    00000008     (__TI_handler_table)
                  00000530    00000006     (.cinit..data.load) [load image, compression = lzss]
                  00000536    00000002     --HOLE-- [fill = 0]
                  00000538    00000008     (__TI_cinit_table)

.init_array 
*          0    00000000    00000000     UNINITIALIZED

.binit     0    00000000    00000000     

.data      0    20000000    00000002     UNINITIALIZED
                  20000000    00000002     push_button_fsm_main.obj (.data)

.stack     0    2000fe00    00000200     UNINITIALIZED
                  2000fe00    00000004     rtsv7M4_T_le_v4SPD16_eabi.lib : boot_cortex_m.c.obj (.stack)
                  2000fe04    000001fc     --HOLE--

MODULE SUMMARY

       Module                        code   ro data   rw data
       ------                        ----   -------   -------
    .\
       push_button_fsm_main.obj      186    0         4      
       system_msp432p401r.obj        120    0         0      
    +--+-----------------------------+------+---------+---------+
       Total:                        306    0         4      
                                                             
    .\ccs\
       startup_msp432p401r_ccs.obj   14     228       0      
    +--+-----------------------------+------+---------+---------+
       Total:                        14     228       0      
                                                             
    C:/ti/simplelink_msp432p4_sdk_2_20_00_12/source/ti/devices/msp432p4xx/driverlib/ccs/msp432p4xx_driverlib.lib
       gpio.o                        280    48        0      
       wdt_a.o                       36     0         0      
    +--+-----------------------------+------+---------+---------+
       Total:                        316    48        0      
                                                             
    C:\ti\ccsv8\tools\compiler\ti-cgt-arm_18.1.2.LTS\lib\rtsv7M4_T_le_v4SPD16_eabi.lib
       memcpy_t2.asm.obj             156    0         0      
       copy_decompress_lzss.c.obj    104    0         0      
       autoinit.c.obj                68     0         0      
       boot_cortex_m.c.obj           56     0         0      
       copy_decompress_none.c.obj    14     0         0      
       exit.c.obj                    4      0         0      
       pre_init.c.obj                4      0         0      
    +--+-----------------------------+------+---------+---------+
       Total:                        406    0         0      
                                                             
       Stack:                        0      0         1024   
       Linker Generated:             0      22        0      
    +--+-----------------------------+------+---------+---------+
       Grand Total:                  1042   298       1028   


LINKER GENERATED COPY TABLES

__TI_cinit_table @ 00000538 records: 1, size/record: 8, table size: 8
	.data: load addr=00000530, load size=00000006 bytes, run addr=20000000, run size=00000002 bytes, compression=lzss


LINKER GENERATED HANDLER TABLE

__TI_handler_table @ 00000528 records: 2, size/record: 4, table size: 8
	index: 0, handler: __TI_decompress_lzss
	index: 1, handler: __TI_decompress_none


GLOBAL SYMBOLS: SORTED ALPHABETICALLY BY Name 

address   name                                
-------   ----                                
000004f5  ADC14_IRQHandler                    
000004f5  AES256_IRQHandler                   
000004f5  BusFault_Handler                    
000004f1  C$$EXIT                             
000004f5  COMP_E0_IRQHandler                  
000004f5  COMP_E1_IRQHandler                  
000004f5  CS_IRQHandler                       
000004f5  DMA_ERR_IRQHandler                  
000004f5  DMA_INT0_IRQHandler                 
000004f5  DMA_INT1_IRQHandler                 
000004f5  DMA_INT2_IRQHandler                 
000004f5  DMA_INT3_IRQHandler                 
000004f5  DebugMon_Handler                    
000004f5  Default_Handler                     
000004f5  EUSCIA0_IRQHandler                  
000004f5  EUSCIA1_IRQHandler                  
000004f5  EUSCIA2_IRQHandler                  
000004f5  EUSCIA3_IRQHandler                  
000004f5  EUSCIB0_IRQHandler                  
000004f5  EUSCIB1_IRQHandler                  
000004f5  EUSCIB2_IRQHandler                  
000004f5  EUSCIB3_IRQHandler                  
000004f5  FLCTL_IRQHandler                    
000004f5  FPU_IRQHandler                      
000003d5  GPIO_getInputPinValue               
000002c1  GPIO_setAsInputPinWithPullUpResistor
0000035d  GPIO_setAsOutputPin                 
00000405  GPIO_setOutputLowOnPin              
0000042d  GPIO_toggleOutputOnPin              
000004f5  HardFault_Handler                   
00000499  Launchpad_Button1_pressed           
00000261  Launchpad_Button1_pushed_verbose    
000004f5  MemManage_Handler                   
000004f5  NMI_Handler                         
000004f5  PCM_IRQHandler                      
000004f5  PORT1_IRQHandler                    
000004f5  PORT2_IRQHandler                    
000004f5  PORT3_IRQHandler                    
000004f5  PORT4_IRQHandler                    
000004f5  PORT5_IRQHandler                    
000004f5  PORT6_IRQHandler                    
000004f5  PSS_IRQHandler                      
000004f5  PendSV_Handler                      
000004f5  RTC_C_IRQHandler                    
000004d5  Reset_Handler                       
000004f5  SVC_Handler                         
000004f5  SysTick_Handler                     
00000181  SystemInit                          
000004f5  T32_INT1_IRQHandler                 
000004f5  T32_INT2_IRQHandler                 
000004f5  T32_INTC_IRQHandler                 
000004f5  TA0_0_IRQHandler                    
000004f5  TA0_N_IRQHandler                    
000004f5  TA1_0_IRQHandler                    
000004f5  TA1_N_IRQHandler                    
000004f5  TA2_0_IRQHandler                    
000004f5  TA2_N_IRQHandler                    
000004f5  TA3_0_IRQHandler                    
000004f5  TA3_N_IRQHandler                    
000004e1  Toggle_Launchpad_LED1               
000004f5  UsageFault_Handler                  
4000480c  WDTCTL_SYM                          
000004f5  WDT_A_IRQHandler                    
00000455  WDT_A_holdTimer                     
20010000  __STACK_END                         
00000200  __STACK_SIZE                        
00000538  __TI_CINIT_Base                     
00000540  __TI_CINIT_Limit                    
00000528  __TI_Handler_Table_Base             
00000530  __TI_Handler_Table_Limit            
00000319  __TI_auto_init_nobinit_nopinit      
000001f9  __TI_decompress_lzss                
000004c7  __TI_decompress_none                
ffffffff  __TI_pprof_out_hndl                 
ffffffff  __TI_prof_data_size                 
ffffffff  __TI_prof_data_start                
00000000  __TI_static_base__                  
000000e5  __aeabi_memcpy                      
000000e5  __aeabi_memcpy4                     
000000e5  __aeabi_memcpy8                     
ffffffff  __binit__                           
ffffffff  __c_args__                          
UNDEFED   __mpu_init                          
2000fe00  __stack                             
0000039d  _c_int00_noargs                     
UNDEFED   _system_post_cinit                  
000004ed  _system_pre_init                    
000004f1  abort                               
ffffffff  binit                               
00000479  initialize                          
00000000  interruptVectors                    
000004b3  main                                
000000e5  memcpy                              


GLOBAL SYMBOLS: SORTED BY Symbol Address 

address   name                                
-------   ----                                
00000000  __TI_static_base__                  
00000000  interruptVectors                    
000000e5  __aeabi_memcpy                      
000000e5  __aeabi_memcpy4                     
000000e5  __aeabi_memcpy8                     
000000e5  memcpy                              
00000181  SystemInit                          
000001f9  __TI_decompress_lzss                
00000200  __STACK_SIZE                        
00000261  Launchpad_Button1_pushed_verbose    
000002c1  GPIO_setAsInputPinWithPullUpResistor
00000319  __TI_auto_init_nobinit_nopinit      
0000035d  GPIO_setAsOutputPin                 
0000039d  _c_int00_noargs                     
000003d5  GPIO_getInputPinValue               
00000405  GPIO_setOutputLowOnPin              
0000042d  GPIO_toggleOutputOnPin              
00000455  WDT_A_holdTimer                     
00000479  initialize                          
00000499  Launchpad_Button1_pressed           
000004b3  main                                
000004c7  __TI_decompress_none                
000004d5  Reset_Handler                       
000004e1  Toggle_Launchpad_LED1               
000004ed  _system_pre_init                    
000004f1  C$$EXIT                             
000004f1  abort                               
000004f5  ADC14_IRQHandler                    
000004f5  AES256_IRQHandler                   
000004f5  BusFault_Handler                    
000004f5  COMP_E0_IRQHandler                  
000004f5  COMP_E1_IRQHandler                  
000004f5  CS_IRQHandler                       
000004f5  DMA_ERR_IRQHandler                  
000004f5  DMA_INT0_IRQHandler                 
000004f5  DMA_INT1_IRQHandler                 
000004f5  DMA_INT2_IRQHandler                 
000004f5  DMA_INT3_IRQHandler                 
000004f5  DebugMon_Handler                    
000004f5  Default_Handler                     
000004f5  EUSCIA0_IRQHandler                  
000004f5  EUSCIA1_IRQHandler                  
000004f5  EUSCIA2_IRQHandler                  
000004f5  EUSCIA3_IRQHandler                  
000004f5  EUSCIB0_IRQHandler                  
000004f5  EUSCIB1_IRQHandler                  
000004f5  EUSCIB2_IRQHandler                  
000004f5  EUSCIB3_IRQHandler                  
000004f5  FLCTL_IRQHandler                    
000004f5  FPU_IRQHandler                      
000004f5  HardFault_Handler                   
000004f5  MemManage_Handler                   
000004f5  NMI_Handler                         
000004f5  PCM_IRQHandler                      
000004f5  PORT1_IRQHandler                    
000004f5  PORT2_IRQHandler                    
000004f5  PORT3_IRQHandler                    
000004f5  PORT4_IRQHandler                    
000004f5  PORT5_IRQHandler                    
000004f5  PORT6_IRQHandler                    
000004f5  PSS_IRQHandler                      
000004f5  PendSV_Handler                      
000004f5  RTC_C_IRQHandler                    
000004f5  SVC_Handler                         
000004f5  SysTick_Handler                     
000004f5  T32_INT1_IRQHandler                 
000004f5  T32_INT2_IRQHandler                 
000004f5  T32_INTC_IRQHandler                 
000004f5  TA0_0_IRQHandler                    
000004f5  TA0_N_IRQHandler                    
000004f5  TA1_0_IRQHandler                    
000004f5  TA1_N_IRQHandler                    
000004f5  TA2_0_IRQHandler                    
000004f5  TA2_N_IRQHandler                    
000004f5  TA3_0_IRQHandler                    
000004f5  TA3_N_IRQHandler                    
000004f5  UsageFault_Handler                  
000004f5  WDT_A_IRQHandler                    
00000528  __TI_Handler_Table_Base             
00000530  __TI_Handler_Table_Limit            
00000538  __TI_CINIT_Base                     
00000540  __TI_CINIT_Limit                    
2000fe00  __stack                             
20010000  __STACK_END                         
4000480c  WDTCTL_SYM                          
ffffffff  __TI_pprof_out_hndl                 
ffffffff  __TI_prof_data_size                 
ffffffff  __TI_prof_data_start                
ffffffff  __binit__                           
ffffffff  __c_args__                          
ffffffff  binit                               
UNDEFED   __mpu_init                          
UNDEFED   _system_post_cinit                  

[93 symbols]
