******************************************************************************
                  TI ARM Linker PC v18.1.2                     
******************************************************************************
>> Linked Tue Sep 18 22:52:40 2018

OUTPUT FILE NAME:   <push-button-fsm.out>
ENTRY POINT SYMBOL: "_c_int00_noinit_noargs"  address: 000003a5


MEMORY CONFIGURATION

         name            origin    length      used     unused   attr    fill
----------------------  --------  ---------  --------  --------  ----  --------
  MAIN                  00000000   00040000  000004b2  0003fb4e  R  X
  INFO                  00200000   00004000  00000000  00004000  R  X
  SRAM_CODE             01000000   00010000  00000200  0000fe00  RW X
  SRAM_DATA             20000000   00010000  00000200  0000fe00  RW  


SEGMENT ALLOCATION MAP

run origin  load origin   length   init length attrs members
----------  ----------- ---------- ----------- ----- -------
00000000    00000000    000004b4   000004b4    r-x
  00000000    00000000    000000e4   000000e4    r-- .intvecs
  000000e4    000000e4    0000039e   0000039e    r-x .text
  00000484    00000484    00000030   00000030    r-- .const
2000fe00    2000fe00    00000200   00000000    rw-
  2000fe00    2000fe00    00000200   00000000    rw- .stack


SECTION ALLOCATION MAP

 output                                  attributes/
section   page    origin      length       input sections
--------  ----  ----------  ----------   ----------------
.intvecs   0    00000000    000000e4     
                  00000000    000000e4     startup_msp432p401r_ccs.obj (.intvecs:retain)

.text      0    000000e4    0000039e     
                  000000e4    00000078     system_msp432p401r.obj (.text:SystemInit)
                  0000015c    00000068     msp432p4xx_driverlib.lib : timer32.o (.text:Timer32_initModule)
                  000001c4    00000058                              : gpio.o (.text:GPIO_setAsInputPinWithPullUpResistor)
                  0000021c    00000056     push_button_fsm_main.obj (.text:main)
                  00000272    00000002     startup_msp432p401r_ccs.obj (.text:Default_Handler)
                  00000274    00000054     push_button_fsm_main.obj (.text:initialize)
                  000002c8    00000040     msp432p4xx_driverlib.lib : gpio.o (.text:GPIO_setAsOutputPin)
                  00000308    00000038                              : timer32.o (.text:Timer32_startTimer)
                  00000340    00000034                              : timer32.o (.text:Timer32_setCount)
                  00000374    00000030                              : gpio.o (.text:GPIO_getInputPinValue)
                  000003a4    00000030     rtsv7M4_T_le_v4SPD16_eabi.lib : boot_cortex_m.c.obj (.text:_c_int00_noinit_noargs:_c_int00_noinit_noargs)
                  000003d4    00000028     msp432p4xx_driverlib.lib : gpio.o (.text:GPIO_setOutputLowOnPin)
                  000003fc    00000028                              : gpio.o (.text:GPIO_toggleOutputOnPin)
                  00000424    00000024                              : wdt_a.o (.text:WDT_A_holdTimer)
                  00000448    0000001a     push_button_fsm_main.obj (.text:Launchpad_Button1_pressed)
                  00000462    0000000c     startup_msp432p401r_ccs.obj (.text:Reset_Handler)
                  0000046e    0000000c     push_button_fsm_main.obj (.text:Toggle_Launchpad_LED1)
                  0000047a    00000004     rtsv7M4_T_le_v4SPD16_eabi.lib : pre_init.c.obj (.text:_system_pre_init)
                  0000047e    00000004                                   : exit.c.obj (.text:abort:abort)

.const     0    00000484    00000030     
                  00000484    00000030     msp432p4xx_driverlib.lib : gpio.o (.const:GPIO_PORT_TO_BASE)

.cinit     0    00000000    00000000     UNINITIALIZED

.init_array 
*          0    00000000    00000000     UNINITIALIZED

.binit     0    00000000    00000000     

.stack     0    2000fe00    00000200     UNINITIALIZED
                  2000fe00    00000004     rtsv7M4_T_le_v4SPD16_eabi.lib : boot_cortex_m.c.obj (.stack)
                  2000fe04    000001fc     --HOLE--

MODULE SUMMARY

       Module                        code   ro data   rw data
       ------                        ----   -------   -------
    .\
       push_button_fsm_main.obj      208    0         0      
       system_msp432p401r.obj        120    0         0      
    +--+-----------------------------+------+---------+---------+
       Total:                        328    0         0      
                                                             
    .\ccs\
       startup_msp432p401r_ccs.obj   14     228       0      
    +--+-----------------------------+------+---------+---------+
       Total:                        14     228       0      
                                                             
    C:/ti/simplelink_msp432p4_sdk_2_20_00_12/source/ti/devices/msp432p4xx/driverlib/ccs/msp432p4xx_driverlib.lib
       gpio.o                        280    48        0      
       timer32.o                     212    0         0      
       wdt_a.o                       36     0         0      
    +--+-----------------------------+------+---------+---------+
       Total:                        528    48        0      
                                                             
    C:\ti\ccsv8\tools\compiler\ti-cgt-arm_18.1.2.LTS\lib\rtsv7M4_T_le_v4SPD16_eabi.lib
       boot_cortex_m.c.obj           48     0         0      
       exit.c.obj                    4      0         0      
       pre_init.c.obj                4      0         0      
    +--+-----------------------------+------+---------+---------+
       Total:                        56     0         0      
                                                             
       Stack:                        0      0         1024   
    +--+-----------------------------+------+---------+---------+
       Grand Total:                  926    276       1024   


GLOBAL SYMBOLS: SORTED ALPHABETICALLY BY Name 

address   name                                
-------   ----                                
00000273  ADC14_IRQHandler                    
00000273  AES256_IRQHandler                   
00000273  BusFault_Handler                    
0000047f  C$$EXIT                             
00000273  COMP_E0_IRQHandler                  
00000273  COMP_E1_IRQHandler                  
00000273  CS_IRQHandler                       
00000273  DMA_ERR_IRQHandler                  
00000273  DMA_INT0_IRQHandler                 
00000273  DMA_INT1_IRQHandler                 
00000273  DMA_INT2_IRQHandler                 
00000273  DMA_INT3_IRQHandler                 
00000273  DebugMon_Handler                    
00000273  Default_Handler                     
00000273  EUSCIA0_IRQHandler                  
00000273  EUSCIA1_IRQHandler                  
00000273  EUSCIA2_IRQHandler                  
00000273  EUSCIA3_IRQHandler                  
00000273  EUSCIB0_IRQHandler                  
00000273  EUSCIB1_IRQHandler                  
00000273  EUSCIB2_IRQHandler                  
00000273  EUSCIB3_IRQHandler                  
00000273  FLCTL_IRQHandler                    
00000273  FPU_IRQHandler                      
00000375  GPIO_getInputPinValue               
000001c5  GPIO_setAsInputPinWithPullUpResistor
000002c9  GPIO_setAsOutputPin                 
000003d5  GPIO_setOutputLowOnPin              
000003fd  GPIO_toggleOutputOnPin              
00000273  HardFault_Handler                   
00000449  Launchpad_Button1_pressed           
00000273  MemManage_Handler                   
00000273  NMI_Handler                         
00000273  PCM_IRQHandler                      
00000273  PORT1_IRQHandler                    
00000273  PORT2_IRQHandler                    
00000273  PORT3_IRQHandler                    
00000273  PORT4_IRQHandler                    
00000273  PORT5_IRQHandler                    
00000273  PORT6_IRQHandler                    
00000273  PSS_IRQHandler                      
00000273  PendSV_Handler                      
00000273  RTC_C_IRQHandler                    
00000463  Reset_Handler                       
00000273  SVC_Handler                         
00000273  SysTick_Handler                     
000000e5  SystemInit                          
00000273  T32_INT1_IRQHandler                 
00000273  T32_INT2_IRQHandler                 
00000273  T32_INTC_IRQHandler                 
00000273  TA0_0_IRQHandler                    
00000273  TA0_N_IRQHandler                    
00000273  TA1_0_IRQHandler                    
00000273  TA1_N_IRQHandler                    
00000273  TA2_0_IRQHandler                    
00000273  TA2_N_IRQHandler                    
00000273  TA3_0_IRQHandler                    
00000273  TA3_N_IRQHandler                    
0000015d  Timer32_initModule                  
00000341  Timer32_setCount                    
00000309  Timer32_startTimer                  
0000046f  Toggle_Launchpad_LED1               
00000273  UsageFault_Handler                  
4000480c  WDTCTL_SYM                          
00000273  WDT_A_IRQHandler                    
00000425  WDT_A_holdTimer                     
20010000  __STACK_END                         
00000200  __STACK_SIZE                        
ffffffff  __TI_pprof_out_hndl                 
ffffffff  __TI_prof_data_size                 
ffffffff  __TI_prof_data_start                
00000000  __TI_static_base__                  
ffffffff  __binit__                           
ffffffff  __c_args__                          
UNDEFED   __mpu_init                          
2000fe00  __stack                             
000003a5  _c_int00_noinit_noargs              
0000047b  _system_pre_init                    
0000047f  abort                               
ffffffff  binit                               
00000275  initialize                          
00000000  interruptVectors                    
0000021d  main                                


GLOBAL SYMBOLS: SORTED BY Symbol Address 

address   name                                
-------   ----                                
00000000  __TI_static_base__                  
00000000  interruptVectors                    
000000e5  SystemInit                          
0000015d  Timer32_initModule                  
000001c5  GPIO_setAsInputPinWithPullUpResistor
00000200  __STACK_SIZE                        
0000021d  main                                
00000273  ADC14_IRQHandler                    
00000273  AES256_IRQHandler                   
00000273  BusFault_Handler                    
00000273  COMP_E0_IRQHandler                  
00000273  COMP_E1_IRQHandler                  
00000273  CS_IRQHandler                       
00000273  DMA_ERR_IRQHandler                  
00000273  DMA_INT0_IRQHandler                 
00000273  DMA_INT1_IRQHandler                 
00000273  DMA_INT2_IRQHandler                 
00000273  DMA_INT3_IRQHandler                 
00000273  DebugMon_Handler                    
00000273  Default_Handler                     
00000273  EUSCIA0_IRQHandler                  
00000273  EUSCIA1_IRQHandler                  
00000273  EUSCIA2_IRQHandler                  
00000273  EUSCIA3_IRQHandler                  
00000273  EUSCIB0_IRQHandler                  
00000273  EUSCIB1_IRQHandler                  
00000273  EUSCIB2_IRQHandler                  
00000273  EUSCIB3_IRQHandler                  
00000273  FLCTL_IRQHandler                    
00000273  FPU_IRQHandler                      
00000273  HardFault_Handler                   
00000273  MemManage_Handler                   
00000273  NMI_Handler                         
00000273  PCM_IRQHandler                      
00000273  PORT1_IRQHandler                    
00000273  PORT2_IRQHandler                    
00000273  PORT3_IRQHandler                    
00000273  PORT4_IRQHandler                    
00000273  PORT5_IRQHandler                    
00000273  PORT6_IRQHandler                    
00000273  PSS_IRQHandler                      
00000273  PendSV_Handler                      
00000273  RTC_C_IRQHandler                    
00000273  SVC_Handler                         
00000273  SysTick_Handler                     
00000273  T32_INT1_IRQHandler                 
00000273  T32_INT2_IRQHandler                 
00000273  T32_INTC_IRQHandler                 
00000273  TA0_0_IRQHandler                    
00000273  TA0_N_IRQHandler                    
00000273  TA1_0_IRQHandler                    
00000273  TA1_N_IRQHandler                    
00000273  TA2_0_IRQHandler                    
00000273  TA2_N_IRQHandler                    
00000273  TA3_0_IRQHandler                    
00000273  TA3_N_IRQHandler                    
00000273  UsageFault_Handler                  
00000273  WDT_A_IRQHandler                    
00000275  initialize                          
000002c9  GPIO_setAsOutputPin                 
00000309  Timer32_startTimer                  
00000341  Timer32_setCount                    
00000375  GPIO_getInputPinValue               
000003a5  _c_int00_noinit_noargs              
000003d5  GPIO_setOutputLowOnPin              
000003fd  GPIO_toggleOutputOnPin              
00000425  WDT_A_holdTimer                     
00000449  Launchpad_Button1_pressed           
00000463  Reset_Handler                       
0000046f  Toggle_Launchpad_LED1               
0000047b  _system_pre_init                    
0000047f  C$$EXIT                             
0000047f  abort                               
2000fe00  __stack                             
20010000  __STACK_END                         
4000480c  WDTCTL_SYM                          
ffffffff  __TI_pprof_out_hndl                 
ffffffff  __TI_prof_data_size                 
ffffffff  __TI_prof_data_start                
ffffffff  __binit__                           
ffffffff  __c_args__                          
ffffffff  binit                               
UNDEFED   __mpu_init                          

[83 symbols]
